Archive member included to satisfy reference by file (symbol)

/usr/lib/gcc/arm-none-eabi/4.9.3/../../../arm-none-eabi/lib/armv7e-m/fpu/libc_nano.a(lib_a-atexit.o)
                              /usr/lib/gcc/arm-none-eabi/4.9.3/../../../arm-none-eabi/lib/armv7e-m/fpu/crt0.o (atexit)
/usr/lib/gcc/arm-none-eabi/4.9.3/../../../arm-none-eabi/lib/armv7e-m/fpu/libc_nano.a(lib_a-exit.o)
                              /usr/lib/gcc/arm-none-eabi/4.9.3/../../../arm-none-eabi/lib/armv7e-m/fpu/crt0.o (exit)
/usr/lib/gcc/arm-none-eabi/4.9.3/../../../arm-none-eabi/lib/armv7e-m/fpu/libc_nano.a(lib_a-fini.o)
                              /usr/lib/gcc/arm-none-eabi/4.9.3/../../../arm-none-eabi/lib/armv7e-m/fpu/crt0.o (__libc_fini_array)
/usr/lib/gcc/arm-none-eabi/4.9.3/../../../arm-none-eabi/lib/armv7e-m/fpu/libc_nano.a(lib_a-impure.o)
                              /usr/lib/gcc/arm-none-eabi/4.9.3/../../../arm-none-eabi/lib/armv7e-m/fpu/libc_nano.a(lib_a-exit.o) (_global_impure_ptr)
/usr/lib/gcc/arm-none-eabi/4.9.3/../../../arm-none-eabi/lib/armv7e-m/fpu/libc_nano.a(lib_a-init.o)
                              /usr/lib/gcc/arm-none-eabi/4.9.3/../../../arm-none-eabi/lib/armv7e-m/fpu/crt0.o (__libc_init_array)
/usr/lib/gcc/arm-none-eabi/4.9.3/../../../arm-none-eabi/lib/armv7e-m/fpu/libc_nano.a(lib_a-memset.o)
                              /usr/lib/gcc/arm-none-eabi/4.9.3/../../../arm-none-eabi/lib/armv7e-m/fpu/crt0.o (memset)
/usr/lib/gcc/arm-none-eabi/4.9.3/../../../arm-none-eabi/lib/armv7e-m/fpu/libc_nano.a(lib_a-nano-vfprintf_float.o)
                              (_printf_float)
/usr/lib/gcc/arm-none-eabi/4.9.3/../../../arm-none-eabi/lib/armv7e-m/fpu/libc_nano.a(lib_a-nano-vfprintf_i.o)
                              /usr/lib/gcc/arm-none-eabi/4.9.3/../../../arm-none-eabi/lib/armv7e-m/fpu/libc_nano.a(lib_a-nano-vfprintf_float.o) (_printf_common)
/usr/lib/gcc/arm-none-eabi/4.9.3/../../../arm-none-eabi/lib/armv7e-m/fpu/libc_nano.a(lib_a-s_fpclassify.o)
                              /usr/lib/gcc/arm-none-eabi/4.9.3/../../../arm-none-eabi/lib/armv7e-m/fpu/libc_nano.a(lib_a-nano-vfprintf_float.o) (__fpclassifyd)
/usr/lib/gcc/arm-none-eabi/4.9.3/../../../arm-none-eabi/lib/armv7e-m/fpu/libc_nano.a(lib_a-sprintf.o)
                              build/main.o (sprintf)
/usr/lib/gcc/arm-none-eabi/4.9.3/../../../arm-none-eabi/lib/armv7e-m/fpu/libc_nano.a(lib_a-strlen.o)
                              /usr/lib/gcc/arm-none-eabi/4.9.3/../../../arm-none-eabi/lib/armv7e-m/fpu/libc_nano.a(lib_a-nano-vfprintf_float.o) (strlen)
/usr/lib/gcc/arm-none-eabi/4.9.3/../../../arm-none-eabi/lib/armv7e-m/fpu/libc_nano.a(lib_a-__atexit.o)
                              /usr/lib/gcc/arm-none-eabi/4.9.3/../../../arm-none-eabi/lib/armv7e-m/fpu/libc_nano.a(lib_a-atexit.o) (__register_exitproc)
/usr/lib/gcc/arm-none-eabi/4.9.3/../../../arm-none-eabi/lib/armv7e-m/fpu/libc_nano.a(lib_a-__call_atexit.o)
                              /usr/lib/gcc/arm-none-eabi/4.9.3/../../../arm-none-eabi/lib/armv7e-m/fpu/libc_nano.a(lib_a-__atexit.o) (__call_exitprocs)
/usr/lib/gcc/arm-none-eabi/4.9.3/../../../arm-none-eabi/lib/armv7e-m/fpu/libc_nano.a(lib_a-dtoa.o)
                              /usr/lib/gcc/arm-none-eabi/4.9.3/../../../arm-none-eabi/lib/armv7e-m/fpu/libc_nano.a(lib_a-nano-vfprintf_float.o) (_dtoa_r)
/usr/lib/gcc/arm-none-eabi/4.9.3/../../../arm-none-eabi/lib/armv7e-m/fpu/libc_nano.a(lib_a-locale.o)
                              /usr/lib/gcc/arm-none-eabi/4.9.3/../../../arm-none-eabi/lib/armv7e-m/fpu/libc_nano.a(lib_a-nano-vfprintf_float.o) (_localeconv_r)
/usr/lib/gcc/arm-none-eabi/4.9.3/../../../arm-none-eabi/lib/armv7e-m/fpu/libc_nano.a(lib_a-malloc.o)
                              /usr/lib/gcc/arm-none-eabi/4.9.3/../../../arm-none-eabi/lib/armv7e-m/fpu/libc_nano.a(lib_a-dtoa.o) (malloc)
/usr/lib/gcc/arm-none-eabi/4.9.3/../../../arm-none-eabi/lib/armv7e-m/fpu/libc_nano.a(lib_a-memchr.o)
                              /usr/lib/gcc/arm-none-eabi/4.9.3/../../../arm-none-eabi/lib/armv7e-m/fpu/libc_nano.a(lib_a-nano-vfprintf_i.o) (memchr)
/usr/lib/gcc/arm-none-eabi/4.9.3/../../../arm-none-eabi/lib/armv7e-m/fpu/libc_nano.a(lib_a-memcpy.o)
                              /usr/lib/gcc/arm-none-eabi/4.9.3/../../../arm-none-eabi/lib/armv7e-m/fpu/libc_nano.a(lib_a-dtoa.o) (memcpy)
/usr/lib/gcc/arm-none-eabi/4.9.3/../../../arm-none-eabi/lib/armv7e-m/fpu/libc_nano.a(lib_a-mprec.o)
                              /usr/lib/gcc/arm-none-eabi/4.9.3/../../../arm-none-eabi/lib/armv7e-m/fpu/libc_nano.a(lib_a-dtoa.o) (_Balloc)
/usr/lib/gcc/arm-none-eabi/4.9.3/../../../arm-none-eabi/lib/armv7e-m/fpu/libc_nano.a(lib_a-nano-callocr.o)
                              /usr/lib/gcc/arm-none-eabi/4.9.3/../../../arm-none-eabi/lib/armv7e-m/fpu/libc_nano.a(lib_a-mprec.o) (_calloc_r)
/usr/lib/gcc/arm-none-eabi/4.9.3/../../../arm-none-eabi/lib/armv7e-m/fpu/libc_nano.a(lib_a-nano-freer.o)
[...]
Memory Configuration

Name             Origin             Length             Attributes
RAM              0x0000000020000000 0x0000000000018000 xrw
FLASH            0x0000000008000000 0x0000000000080000 xr
*default*        0x0000000000000000 0xffffffffffffffff

Linker script and memory map

LOAD /usr/lib/gcc/arm-none-eabi/4.9.3/armv7e-m/fpu/crti.o
LOAD /usr/lib/gcc/arm-none-eabi/4.9.3/armv7e-m/fpu/crtbegin.o
LOAD /usr/lib/gcc/arm-none-eabi/4.9.3/../../../arm-none-eabi/lib/armv7e-m/fpu/crt0.o
LOAD build/assert.o
LOAD build/stm32f4xx_hal_tim.o
LOAD build/stm32f4xx_hal_tim_ex.o
LOAD build/stm32f4xx_hal_uart.o
LOAD build/stm32f4xx_hal_rcc.o
LOAD build/stm32f4xx_hal_rcc_ex.o
LOAD build/stm32f4xx_hal_flash.o
LOAD build/stm32f4xx_hal_flash_ex.o
LOAD build/stm32f4xx_hal_flash_ramfunc.o
LOAD build/stm32f4xx_hal_gpio.o
LOAD build/stm32f4xx_hal_dma_ex.o
LOAD build/stm32f4xx_hal_dma.o
LOAD build/stm32f4xx_hal_pwr.o
LOAD build/stm32f4xx_hal_pwr_ex.o
LOAD build/stm32f4xx_hal_cortex.o
LOAD build/stm32f4xx_hal.o
LOAD build/system_stm32f4xx.o
LOAD build/main.o
LOAD build/stm32f4xx_it.o
LOAD build/stm32f4xx_hal_msp.o
LOAD build/startup_stm32f401xe.o
LOAD /usr/lib/gcc/arm-none-eabi/4.9.3/../../../arm-none-eabi/lib/armv7e-m/fpu/libc_nano.a
LOAD /usr/lib/gcc/arm-none-eabi/4.9.3/../../../arm-none-eabi/lib/armv7e-m/fpu/libm.a
LOAD /usr/lib/gcc/arm-none-eabi/4.9.3/../../../arm-none-eabi/lib/armv7e-m/fpu/libnosys.a
START GROUP
LOAD /usr/lib/gcc/arm-none-eabi/4.9.3/armv7e-m/fpu/libgcc.a
LOAD /usr/lib/gcc/arm-none-eabi/4.9.3/../../../arm-none-eabi/lib/armv7e-m/fpu/libc_nano.a
END GROUP
START GROUP
LOAD /usr/lib/gcc/arm-none-eabi/4.9.3/armv7e-m/fpu/libgcc.a
LOAD /usr/lib/gcc/arm-none-eabi/4.9.3/../../../arm-none-eabi/lib/armv7e-m/fpu/libc_nano.a
END GROUP
LOAD /usr/lib/gcc/arm-none-eabi/4.9.3/armv7e-m/fpu/crtend.o
LOAD /usr/lib/gcc/arm-none-eabi/4.9.3/armv7e-m/fpu/crtn.o
                0x0000000020018000                _estack = 0x20018000
                0x0000000000000200                _Min_Heap_Size = 0x200
                0x0000000000000400                _Min_Stack_Size = 0x400

.isr_vector     0x0000000008000000      0x194
                0x0000000008000000                . = ALIGN (0x4)
 *(.isr_vector)
 .isr_vector    0x0000000008000000      0x194 build/startup_stm32f401xe.o
                0x0000000008000000                g_pfnVectors
                0x0000000008000194                . = ALIGN (0x4)

.text           0x0000000008000198     0x6718
                0x0000000008000198                . = ALIGN (0x4)
 *(.text)
 .text          0x0000000008000198       0xa4 /usr/lib/gcc/arm-none-eabi/4.9.3/armv7e-m/fpu/crtbegin.o
 .text          0x000000000800023c      0x370 /usr/lib/gcc/arm-none-eabi/4.9.3/armv7e-m/fpu/libgcc.a(_arm_addsubdf3.o)
                0x000000000800023c                __aeabi_drsub
                0x0000000008000244                __aeabi_dsub
                0x0000000008000244                __subdf3
                0x0000000008000248                __adddf3
                0x0000000008000248                __aeabi_dadd
                0x00000000080004c0                __aeabi_ui2d
                0x00000000080004c0                __floatunsidf
                0x00000000080004e0                __floatsidf
                0x00000000080004e0                __aeabi_i2d
                0x0000000008000504                __extendsfdf2
                0x0000000008000504                __aeabi_f2d
                0x0000000008000540                __aeabi_ul2d
                0x0000000008000540                __floatundidf
                0x0000000008000550                __floatdidf
                0x0000000008000550                __aeabi_l2d
 .text          0x00000000080005ac      0x424 /usr/lib/gcc/arm-none-eabi/4.9.3/armv7e-m/fpu/libgcc.a(_arm_muldivdf3.o)
                0x00000000080005ac                __aeabi_dmul
                0x00000000080005ac                __muldf3
                0x0000000008000800                __aeabi_ddiv
                0x0000000008000800                __divdf3
 .text          0x00000000080009d0      0x110 /usr/lib/gcc/arm-none-eabi/4.9.3/armv7e-m/fpu/libgcc.a(_arm_cmpdf2.o)
                0x00000000080009d0                __gtdf2
                0x00000000080009d0                __gedf2
                0x00000000080009d8                __ltdf2
                0x00000000080009d8                __ledf2
                0x00000000080009e0                __cmpdf2
                0x00000000080009e0                __eqdf2
                0x00000000080009e0                __nedf2
                0x0000000008000a5c                __aeabi_cdrcmple
                0x0000000008000a6c                __aeabi_cdcmple
                0x0000000008000a6c                __aeabi_cdcmpeq
                0x0000000008000a7c                __aeabi_dcmpeq
                0x0000000008000a90                __aeabi_dcmplt
                0x0000000008000aa4                __aeabi_dcmple
                0x0000000008000ab8                __aeabi_dcmpge
                0x0000000008000acc                __aeabi_dcmpgt
 .text          0x0000000008000ae0       0x50 /usr/lib/gcc/arm-none-eabi/4.9.3/armv7e-m/fpu/libgcc.a(_arm_fixdfsi.o)
                0x0000000008000ae0                __fixdfsi
                0x0000000008000ae0                __aeabi_d2iz
 .text          0x0000000008000b30       0x40 /usr/lib/gcc/arm-none-eabi/4.9.3/armv7e-m/fpu/libgcc.a(_arm_fixunsdfsi.o)
                0x0000000008000b30                __fixunsdfsi
                0x0000000008000b30                __aeabi_d2uiz
 .text          0x0000000008000b70       0x30 /usr/lib/gcc/arm-none-eabi/4.9.3/armv7e-m/fpu/libgcc.a(_aeabi_uldivmod.o)
                0x0000000008000b70                __aeabi_uldivmod
 .text          0x0000000008000ba0       0x60 /usr/lib/gcc/arm-none-eabi/4.9.3/armv7e-m/fpu/libgcc.a(bpabi.o)
                0x0000000008000ba0                __gnu_ldivmod_helper
                0x0000000008000bd0                __gnu_uldivmod_helper
 .text          0x0000000008000c00        0x4 /usr/lib/gcc/arm-none-eabi/4.9.3/armv7e-m/fpu/libgcc.a(_dvmd_tls.o)
                0x0000000008000c00                __aeabi_ldiv0
                0x0000000008000c00                __aeabi_idiv0
 .text          0x0000000008000c04      0x29c /usr/lib/gcc/arm-none-eabi/4.9.3/armv7e-m/fpu/libgcc.a(_divdi3.o)
                0x0000000008000c04                __divdi3
 .text          0x0000000008000ea0      0x26c /usr/lib/gcc/arm-none-eabi/4.9.3/armv7e-m/fpu/libgcc.a(_udivdi3.o)
                0x0000000008000ea0                __udivdi3
 *(.text*)
 *fill*         0x000000000800110c        0x4 
 .text.updatePos
                0x0000000008001110       0xe4 build/assert.o
                0x0000000008001110                updatePos
 .text.turn     0x00000000080011f4       0xb8 build/assert.o
                0x00000000080011f4                turn
 .text.absPerso
                0x00000000080012ac       0x24 build/assert.o
                0x00000000080012ac                absPerso
 .text.move     0x00000000080012d0      0x15c build/assert.o
                0x00000000080012d0                move
 .text.stateMachine
                0x000000000800142c      0x178 build/assert.o
                0x000000000800142c                stateMachine
 .text.TIM_OC1_SetConfig
                0x00000000080015a4       0x54 build/stm32f4xx_hal_tim.o
 .text.TIM_OC3_SetConfig
                0x00000000080015f8       0x5c build/stm32f4xx_hal_tim.o
 .text.TIM_OC4_SetConfig
                0x0000000008001654       0x48 build/stm32f4xx_hal_tim.o
 .text.TIM_Base_SetConfig
                0x000000000800169c       0xd0 build/stm32f4xx_hal_tim.o
                0x000000000800169c                TIM_Base_SetConfig
 .text.HAL_TIM_PWM_Init
                0x000000000800176c       0x32 build/stm32f4xx_hal_tim.o
                0x000000000800176c                HAL_TIM_PWM_Init
 .text.HAL_TIM_Encoder_Init
                0x000000000800179e       0x98 build/stm32f4xx_hal_tim.o
                0x000000000800179e                HAL_TIM_Encoder_Init
 *fill*         0x0000000008001836        0x2 
 .text.TIM_OC2_SetConfig
                0x0000000008001838       0x5c build/stm32f4xx_hal_tim.o
                0x0000000008001838                TIM_OC2_SetConfig
 .text.HAL_TIM_PWM_ConfigChannel
                0x0000000008001894       0xdc build/stm32f4xx_hal_tim.o
                0x0000000008001894                HAL_TIM_PWM_ConfigChannel
 .text.TIM_CCxChannelCmd
                0x0000000008001970       0x1e build/stm32f4xx_hal_tim.o
                0x0000000008001970                TIM_CCxChannelCmd
 *fill*         0x000000000800198e        0x2 
 .text.HAL_TIM_PWM_Start
                0x0000000008001990       0x30 build/stm32f4xx_hal_tim.o
                0x0000000008001990                HAL_TIM_PWM_Start
 .text.HAL_TIM_Encoder_Start
                0x00000000080019c0       0x44 build/stm32f4xx_hal_tim.o
                0x00000000080019c0                HAL_TIM_Encoder_Start
 .text.HAL_TIMEx_MasterConfigSynchronization
                0x0000000008001a04       0x52 build/stm32f4xx_hal_tim_ex.o
                0x0000000008001a04                HAL_TIMEx_MasterConfigSynchronization
 .text.HAL_TIMEx_ConfigBreakDeadTime
                0x0000000008001a56       0x58 build/stm32f4xx_hal_tim_ex.o
                0x0000000008001a56                HAL_TIMEx_ConfigBreakDeadTime
 *fill*         0x0000000008001aae        0x2 
 .text.UART_SetConfig
                0x0000000008001ab0      0x344 build/stm32f4xx_hal_uart.o
 .text.UART_WaitOnFlagUntilTimeout
                0x0000000008001df4       0x64 build/stm32f4xx_hal_uart.o
 .text.HAL_UART_Init
                0x0000000008001e58       0x5e build/stm32f4xx_hal_uart.o
                0x0000000008001e58                HAL_UART_Init
 .text.HAL_UART_Transmit
                0x0000000008001eb6       0xe2 build/stm32f4xx_hal_uart.o
                0x0000000008001eb6                HAL_UART_Transmit
 .text.HAL_RCC_OscConfig
                0x0000000008001f98      0x398 build/stm32f4xx_hal_rcc.o
                0x0000000008001f98                HAL_RCC_OscConfig
 .text.HAL_RCC_GetSysClockFreq
                0x0000000008002330       0xd4 build/stm32f4xx_hal_rcc.o
                0x0000000008002330                HAL_RCC_GetSysClockFreq
 .text.HAL_RCC_ClockConfig
                0x0000000008002404      0x158 build/stm32f4xx_hal_rcc.o
                0x0000000008002404                HAL_RCC_ClockConfig
 .text.HAL_RCC_GetHCLKFreq
                0x000000000800255c        0xc build/stm32f4xx_hal_rcc.o
                0x000000000800255c                HAL_RCC_GetHCLKFreq
 .text.HAL_RCC_GetPCLK1Freq
                0x0000000008002568       0x20 build/stm32f4xx_hal_rcc.o
                0x0000000008002568                HAL_RCC_GetPCLK1Freq
 .text.HAL_RCC_GetPCLK2Freq
                0x0000000008002588       0x20 build/stm32f4xx_hal_rcc.o
                0x0000000008002588                HAL_RCC_GetPCLK2Freq
 .text.HAL_GPIO_Init
                0x00000000080025a8      0x1a8 build/stm32f4xx_hal_gpio.o
                0x00000000080025a8                HAL_GPIO_Init
 .text.HAL_GPIO_ReadPin
                0x0000000008002750        0xe build/stm32f4xx_hal_gpio.o
                0x0000000008002750                HAL_GPIO_ReadPin
 .text.HAL_GPIO_WritePin
                0x000000000800275e        0xc build/stm32f4xx_hal_gpio.o
                0x000000000800275e                HAL_GPIO_WritePin
 *fill*         0x000000000800276a        0x2 
 .text.HAL_NVIC_SetPriorityGrouping
                0x000000000800276c       0x24 build/stm32f4xx_hal_cortex.o
                0x000000000800276c                HAL_NVIC_SetPriorityGrouping
 .text.HAL_NVIC_SetPriority
                0x0000000008002790       0x64 build/stm32f4xx_hal_cortex.o
                0x0000000008002790                HAL_NVIC_SetPriority
 .text.HAL_SYSTICK_Config
                0x00000000080027f4       0x2c build/stm32f4xx_hal_cortex.o
                0x00000000080027f4                HAL_SYSTICK_Config
 .text.HAL_InitTick
                0x0000000008002820       0x4c build/stm32f4xx_hal.o
                0x0000000008002820                HAL_InitTick
 .text.HAL_Init
                0x000000000800286c       0x34 build/stm32f4xx_hal.o
                0x000000000800286c                HAL_Init
 .text.HAL_IncTick
                0x00000000080028a0       0x18 build/stm32f4xx_hal.o
                0x00000000080028a0                HAL_IncTick
 .text.HAL_GetTick
                0x00000000080028b8        0xc build/stm32f4xx_hal.o
                0x00000000080028b8                HAL_GetTick
 .text.HAL_Delay
                0x00000000080028c4       0x28 build/stm32f4xx_hal.o
                0x00000000080028c4                HAL_Delay
 .text.SystemInit
                0x00000000080028ec       0x4c build/system_stm32f4xx.o
                0x00000000080028ec                SystemInit
 .text.MX_GPIO_Init
                0x0000000008002938      0x108 build/main.o
 .text.MX_USART2_UART_Init
                0x0000000008002a40       0x2c build/main.o
 .text.MX_TIM2_Init
                0x0000000008002a6c       0x60 build/main.o
 .text.MX_TIM3_Init
                0x0000000008002acc       0x64 build/main.o
 .text.MX_TIM4_Init
                0x0000000008002b30       0x54 build/main.o
 .text.MX_TIM5_Init
                0x0000000008002b84       0x54 build/main.o
 .text.MX_TIM1_Init
                0x0000000008002bd8       0x98 build/main.o
 .text.SystemClock_Config
                0x0000000008002c70       0xa4 build/main.o
                0x0000000008002c70                SystemClock_Config
 .text.moteurDroit
                0x0000000008002d14       0x4c build/main.o
                0x0000000008002d14                moteurDroit
 .text.moteurGauche
                0x0000000008002d60       0x48 build/main.o
                0x0000000008002d60                moteurGauche
 .text.main     0x0000000008002da8      0x2a0 build/main.o
                0x0000000008002da8                main
 .text.NMI_Handler
                0x0000000008003048        0x2 build/stm32f4xx_it.o
                0x0000000008003048                NMI_Handler
 .text.HardFault_Handler
                0x000000000800304a        0x2 build/stm32f4xx_it.o
                0x000000000800304a                HardFault_Handler
 .text.MemManage_Handler
                0x000000000800304c        0x2 build/stm32f4xx_it.o
                0x000000000800304c                MemManage_Handler
 .text.BusFault_Handler
                0x000000000800304e        0x2 build/stm32f4xx_it.o
                0x000000000800304e                BusFault_Handler
 .text.UsageFault_Handler
                0x0000000008003050        0x2 build/stm32f4xx_it.o
                0x0000000008003050                UsageFault_Handler
 .text.SVC_Handler
                0x0000000008003052        0x2 build/stm32f4xx_it.o
                0x0000000008003052                SVC_Handler
 .text.DebugMon_Handler
                0x0000000008003054        0x2 build/stm32f4xx_it.o
                0x0000000008003054                DebugMon_Handler
 .text.PendSV_Handler
                0x0000000008003056        0x2 build/stm32f4xx_it.o
                0x0000000008003056                PendSV_Handler
 .text.SysTick_Handler
                0x0000000008003058        0x8 build/stm32f4xx_it.o
                0x0000000008003058                SysTick_Handler
 .text.HAL_MspInit
                0x0000000008003060       0x40 build/stm32f4xx_hal_msp.o
                0x0000000008003060                HAL_MspInit
 .text.HAL_TIM_PWM_MspInit
                0x00000000080030a0       0x74 build/stm32f4xx_hal_msp.o
                0x00000000080030a0                HAL_TIM_PWM_MspInit
 .text.HAL_TIM_Encoder_MspInit
                0x0000000008003114       0xc0 build/stm32f4xx_hal_msp.o
                0x0000000008003114                HAL_TIM_Encoder_MspInit
 .text.HAL_TIM_MspPostInit
                0x00000000080031d4       0xc8 build/stm32f4xx_hal_msp.o
                0x00000000080031d4                HAL_TIM_MspPostInit
 .text.HAL_UART_MspInit
                0x000000000800329c       0x6c build/stm32f4xx_hal_msp.o
                0x000000000800329c                HAL_UART_MspInit
 .text.Reset_Handler
                0x0000000008003308       0x50 build/startup_stm32f401xe.o
                0x0000000008003308                Reset_Handler
 .text.Default_Handler
                0x0000000008003358        0x2 build/startup_stm32f401xe.o
                0x0000000008003358                RTC_Alarm_IRQHandler
                0x0000000008003358                EXTI2_IRQHandler
                0x0000000008003358                SPI4_IRQHandler
                0x0000000008003358                TIM1_CC_IRQHandler
                0x0000000008003358                DMA2_Stream5_IRQHandler
                0x0000000008003358                DMA1_Stream5_IRQHandler
                0x0000000008003358                PVD_IRQHandler
                0x0000000008003358                SDIO_IRQHandler
                0x0000000008003358                TAMP_STAMP_IRQHandler
                0x0000000008003358                EXTI3_IRQHandler
                0x0000000008003358                TIM1_UP_TIM10_IRQHandler
                0x0000000008003358                I2C3_ER_IRQHandler
                0x0000000008003358                EXTI0_IRQHandler
                0x0000000008003358                I2C2_EV_IRQHandler
                0x0000000008003358                DMA1_Stream2_IRQHandler
                0x0000000008003358                FPU_IRQHandler
                0x0000000008003358                DMA2_Stream2_IRQHandler
                0x0000000008003358                SPI1_IRQHandler
                0x0000000008003358                TIM1_BRK_TIM9_IRQHandler
                0x0000000008003358                DMA2_Stream3_IRQHandler
                0x0000000008003358                USART6_IRQHandler
                0x0000000008003358                DMA2_Stream0_IRQHandler
                0x0000000008003358                TIM4_IRQHandler
                0x0000000008003358                I2C1_EV_IRQHandler
                0x0000000008003358                DMA1_Stream6_IRQHandler
                0x0000000008003358                DMA1_Stream1_IRQHandler
                0x0000000008003358                TIM3_IRQHandler
                0x0000000008003358                RCC_IRQHandler
                0x0000000008003358                Default_Handler
                0x0000000008003358                EXTI15_10_IRQHandler
                0x0000000008003358                ADC_IRQHandler
                0x0000000008003358                DMA1_Stream7_IRQHandler
                0x0000000008003358                TIM5_IRQHandler
                0x0000000008003358                DMA2_Stream7_IRQHandler
                0x0000000008003358                I2C3_EV_IRQHandler
                0x0000000008003358                EXTI9_5_IRQHandler
                0x0000000008003358                RTC_WKUP_IRQHandler
                0x0000000008003358                SPI2_IRQHandler
                0x0000000008003358                DMA1_Stream0_IRQHandler
                0x0000000008003358                EXTI4_IRQHandler
                0x0000000008003358                WWDG_IRQHandler
                0x0000000008003358                TIM2_IRQHandler
                0x0000000008003358                OTG_FS_WKUP_IRQHandler
                0x0000000008003358                TIM1_TRG_COM_TIM11_IRQHandler
                0x0000000008003358                EXTI1_IRQHandler
                0x0000000008003358                USART2_IRQHandler
                0x0000000008003358                I2C2_ER_IRQHandler
                0x0000000008003358                DMA2_Stream1_IRQHandler
                0x0000000008003358                FLASH_IRQHandler
                0x0000000008003358                DMA2_Stream4_IRQHandler
                0x0000000008003358                USART1_IRQHandler
                0x0000000008003358                OTG_FS_IRQHandler
                0x0000000008003358                SPI3_IRQHandler
                0x0000000008003358                DMA1_Stream4_IRQHandler
                0x0000000008003358                I2C1_ER_IRQHandler
                0x0000000008003358                DMA2_Stream6_IRQHandler
                0x0000000008003358                DMA1_Stream3_IRQHandler
 *fill*         0x000000000800335a        0x2 
 .text.__libc_init_array
                0x000000000800335c       0x4c /usr/lib/gcc/arm-none-eabi/4.9.3/../../../arm-none-eabi/lib/armv7e-m/fpu/libc_nano.a(lib_a-init.o)
                0x000000000800335c                __libc_init_array
 .text.memset   0x00000000080033a8       0x10 /usr/lib/gcc/arm-none-eabi/4.9.3/../../../arm-none-eabi/lib/armv7e-m/fpu/libc_nano.a(lib_a-memset.o)
                0x00000000080033a8                memset
 .text.__cvt    0x00000000080033b8       0xc4 /usr/lib/gcc/arm-none-eabi/4.9.3/../../../arm-none-eabi/lib/armv7e-m/fpu/libc_nano.a(lib_a-nano-vfprintf_float.o)
                0x00000000080033b8                __cvt
 .text.__exponent
                0x000000000800347c       0x60 /usr/lib/gcc/arm-none-eabi/4.9.3/../../../arm-none-eabi/lib/armv7e-m/fpu/libc_nano.a(lib_a-nano-vfprintf_float.o)
                0x000000000800347c                __exponent
 .text._printf_float
                0x00000000080034dc      0x47c /usr/lib/gcc/arm-none-eabi/4.9.3/../../../arm-none-eabi/lib/armv7e-m/fpu/libc_nano.a(lib_a-nano-vfprintf_float.o)
                0x00000000080034dc                _printf_float
 .text._printf_common
                0x0000000008003958       0xea /usr/lib/gcc/arm-none-eabi/4.9.3/../../../arm-none-eabi/lib/armv7e-m/fpu/libc_nano.a(lib_a-nano-vfprintf_i.o)
                0x0000000008003958                _printf_common
 *fill*         0x0000000008003a42        0x2 
 .text._printf_i
                0x0000000008003a44      0x240 /usr/lib/gcc/arm-none-eabi/4.9.3/../../../arm-none-eabi/lib/armv7e-m/fpu/libc_nano.a(lib_a-nano-vfprintf_i.o)
                0x0000000008003a44                _printf_i
 .text.__fpclassifyd
                0x0000000008003c84       0x58 /usr/lib/gcc/arm-none-eabi/4.9.3/../../../arm-none-eabi/lib/armv7e-m/fpu/libc_nano.a(lib_a-s_fpclassify.o)
                0x0000000008003c84                __fpclassifyd
 .text.sprintf  0x0000000008003cdc       0x48 /usr/lib/gcc/arm-none-eabi/4.9.3/../../../arm-none-eabi/lib/armv7e-m/fpu/libc_nano.a(lib_a-sprintf.o)
                0x0000000008003cdc                sprintf
                0x0000000008003cdc                siprintf
 .text.strlen   0x0000000008003d24       0x10 /usr/lib/gcc/arm-none-eabi/4.9.3/../../../arm-none-eabi/lib/armv7e-m/fpu/libc_nano.a(lib_a-strlen.o)
                0x0000000008003d24                strlen
 .text.quorem   0x0000000008003d34      0x11a /usr/lib/gcc/arm-none-eabi/4.9.3/../../../arm-none-eabi/lib/armv7e-m/fpu/libc_nano.a(lib_a-dtoa.o)
 *fill*         0x0000000008003e4e        0x2 
 .text._dtoa_r  0x0000000008003e50      0xb80 /usr/lib/gcc/arm-none-eabi/4.9.3/../../../arm-none-eabi/lib/armv7e-m/fpu/libc_nano.a(lib_a-dtoa.o)
                0x0000000008003e50                _dtoa_r
 .text._localeconv_r
                0x00000000080049d0        0x8 /usr/lib/gcc/arm-none-eabi/4.9.3/../../../arm-none-eabi/lib/armv7e-m/fpu/libc_nano.a(lib_a-locale.o)
                0x00000000080049d0                _localeconv_r
 .text.malloc   0x00000000080049d8       0x10 /usr/lib/gcc/arm-none-eabi/4.9.3/../../../arm-none-eabi/lib/armv7e-m/fpu/libc_nano.a(lib_a-malloc.o)
                0x00000000080049d8                malloc
 .text.memchr   0x00000000080049e8       0x1e /usr/lib/gcc/arm-none-eabi/4.9.3/../../../arm-none-eabi/lib/armv7e-m/fpu/libc_nano.a(lib_a-memchr.o)
                0x00000000080049e8                memchr
 .text.memcpy   0x0000000008004a06       0x16 /usr/lib/gcc/arm-none-eabi/4.9.3/../../../arm-none-eabi/lib/armv7e-m/fpu/libc_nano.a(lib_a-memcpy.o)
                0x0000000008004a06                memcpy
 .text._Balloc  0x0000000008004a1c       0x6a /usr/lib/gcc/arm-none-eabi/4.9.3/../../../arm-none-eabi/lib/armv7e-m/fpu/libc_nano.a(lib_a-mprec.o)
                0x0000000008004a1c                _Balloc
 .text._Bfree   0x0000000008004a86       0x2e /usr/lib/gcc/arm-none-eabi/4.9.3/../../../arm-none-eabi/lib/armv7e-m/fpu/libc_nano.a(lib_a-mprec.o)
                0x0000000008004a86                _Bfree
 .text.__multadd
                0x0000000008004ab4       0x7c /usr/lib/gcc/arm-none-eabi/4.9.3/../../../arm-none-eabi/lib/armv7e-m/fpu/libc_nano.a(lib_a-mprec.o)
                0x0000000008004ab4                __multadd
 .text.__hi0bits
                0x0000000008004b30       0x40 /usr/lib/gcc/arm-none-eabi/4.9.3/../../../arm-none-eabi/lib/armv7e-m/fpu/libc_nano.a(lib_a-mprec.o)
                0x0000000008004b30                __hi0bits
 .text.__lo0bits
                0x0000000008004b70       0x5a /usr/lib/gcc/arm-none-eabi/4.9.3/../../../arm-none-eabi/lib/armv7e-m/fpu/libc_nano.a(lib_a-mprec.o)
                0x0000000008004b70                __lo0bits
 .text.__i2b    0x0000000008004bca       0x12 /usr/lib/gcc/arm-none-eabi/4.9.3/../../../arm-none-eabi/lib/armv7e-m/fpu/libc_nano.a(lib_a-mprec.o)
                0x0000000008004bca                __i2b
 .text.__multiply
                0x0000000008004bdc      0x122 /usr/lib/gcc/arm-none-eabi/4.9.3/../../../arm-none-eabi/lib/armv7e-m/fpu/libc_nano.a(lib_a-mprec.o)
                0x0000000008004bdc                __multiply
 *fill*         0x0000000008004cfe        0x2 
 .text.__pow5mult
                0x0000000008004d00       0x9c /usr/lib/gcc/arm-none-eabi/4.9.3/../../../arm-none-eabi/lib/armv7e-m/fpu/libc_nano.a(lib_a-mprec.o)
                0x0000000008004d00                __pow5mult
 .text.__lshift
                0x0000000008004d9c       0xa6 /usr/lib/gcc/arm-none-eabi/4.9.3/../../../arm-none-eabi/lib/armv7e-m/fpu/libc_nano.a(lib_a-mprec.o)
                0x0000000008004d9c                __lshift
 .text.__mcmp   0x0000000008004e42       0x38 /usr/lib/gcc/arm-none-eabi/4.9.3/../../../arm-none-eabi/lib/armv7e-m/fpu/libc_nano.a(lib_a-mprec.o)
                0x0000000008004e42                __mcmp
 .text.__mdiff  0x0000000008004e7a       0xbe /usr/lib/gcc/arm-none-eabi/4.9.3/../../../arm-none-eabi/lib/armv7e-m/fpu/libc_nano.a(lib_a-mprec.o)
                0x0000000008004e7a                __mdiff
 .text.__d2b    0x0000000008004f38       0xa4 /usr/lib/gcc/arm-none-eabi/4.9.3/../../../arm-none-eabi/lib/armv7e-m/fpu/libc_nano.a(lib_a-mprec.o)
                0x0000000008004f38                __d2b
 .text._calloc_r
                0x0000000008004fdc       0x1c /usr/lib/gcc/arm-none-eabi/4.9.3/../../../arm-none-eabi/lib/armv7e-m/fpu/libc_nano.a(lib_a-nano-callocr.o)
                0x0000000008004fdc                _calloc_r
 .text._free_r  0x0000000008004ff8       0x88 /usr/lib/gcc/arm-none-eabi/4.9.3/../../../arm-none-eabi/lib/armv7e-m/fpu/libc_nano.a(lib_a-nano-freer.o)
                0x0000000008004ff8                _free_r
 .text._malloc_r
                0x0000000008005080       0xac /usr/lib/gcc/arm-none-eabi/4.9.3/../../../arm-none-eabi/lib/armv7e-m/fpu/libc_nano.a(lib_a-nano-mallocr.o)
                0x0000000008005080                _malloc_r
 .text.__ssputs_r
                0x000000000800512c       0xb2 /usr/lib/gcc/arm-none-eabi/4.9.3/../../../arm-none-eabi/lib/armv7e-m/fpu/libc_nano.a(lib_a-nano-svfprintf.o)
                0x000000000800512c                __ssputs_r
 *fill*         0x00000000080051de        0x2 
 .text._svfprintf_r
                0x00000000080051e0      0x1e4 /usr/lib/gcc/arm-none-eabi/4.9.3/../../../arm-none-eabi/lib/armv7e-m/fpu/libc_nano.a(lib_a-nano-svfprintf.o)
                0x00000000080051e0                _svfprintf_r
                0x00000000080051e0                _svfiprintf_r
 .text._sbrk_r  0x00000000080053c4       0x20 /usr/lib/gcc/arm-none-eabi/4.9.3/../../../arm-none-eabi/lib/armv7e-m/fpu/libc_nano.a(lib_a-sbrkr.o)
                0x00000000080053c4                _sbrk_r
 .text.memmove  0x00000000080053e4       0x36 /usr/lib/gcc/arm-none-eabi/4.9.3/../../../arm-none-eabi/lib/armv7e-m/fpu/libc_nano.a(lib_a-memmove.o)
                0x00000000080053e4                memmove
 .text._realloc_r
                0x000000000800541a       0x4c /usr/lib/gcc/arm-none-eabi/4.9.3/../../../arm-none-eabi/lib/armv7e-m/fpu/libc_nano.a(lib_a-nano-reallocr.o)
                0x000000000800541a                _realloc_r
 .text._malloc_usable_size_r
                0x0000000008005466       0x14 /usr/lib/gcc/arm-none-eabi/4.9.3/../../../arm-none-eabi/lib/armv7e-m/fpu/libc_nano.a(lib_a-nano-msizer.o)
                0x0000000008005466                _malloc_usable_size_r
 *fill*         0x000000000800547a        0x6 
 .text.cos      0x0000000008005480       0xa8 /usr/lib/gcc/arm-none-eabi/4.9.3/../../../arm-none-eabi/lib/armv7e-m/fpu/libm.a(lib_a-s_cos.o)
                0x0000000008005480                cos
 .text.sin      0x0000000008005528       0xa8 /usr/lib/gcc/arm-none-eabi/4.9.3/../../../arm-none-eabi/lib/armv7e-m/fpu/libm.a(lib_a-s_sin.o)
                0x0000000008005528                sin
 .text.__ieee754_rem_pio2
                0x00000000080055d0      0x450 /usr/lib/gcc/arm-none-eabi/4.9.3/../../../arm-none-eabi/lib/armv7e-m/fpu/libm.a(lib_a-e_rem_pio2.o)
                0x00000000080055d0                __ieee754_rem_pio2
 .text.__kernel_cos
                0x0000000008005a20      0x280 /usr/lib/gcc/arm-none-eabi/4.9.3/../../../arm-none-eabi/lib/armv7e-m/fpu/libm.a(lib_a-k_cos.o)
                0x0000000008005a20                __kernel_cos
 .text.__kernel_rem_pio2
                0x0000000008005ca0      0x7f8 /usr/lib/gcc/arm-none-eabi/4.9.3/../../../arm-none-eabi/lib/armv7e-m/fpu/libm.a(lib_a-k_rem_pio2.o)
                0x0000000008005ca0                __kernel_rem_pio2
 .text.__kernel_sin
                0x0000000008006498      0x190 /usr/lib/gcc/arm-none-eabi/4.9.3/../../../arm-none-eabi/lib/armv7e-m/fpu/libm.a(lib_a-k_sin.o)
                0x0000000008006498                __kernel_sin
 .text.fabs     0x0000000008006628       0x10 /usr/lib/gcc/arm-none-eabi/4.9.3/../../../arm-none-eabi/lib/armv7e-m/fpu/libm.a(lib_a-s_fabs.o)
                0x0000000008006628                fabs
 .text.floor    0x0000000008006638      0x120 /usr/lib/gcc/arm-none-eabi/4.9.3/../../../arm-none-eabi/lib/armv7e-m/fpu/libm.a(lib_a-s_floor.o)
                0x0000000008006638                floor
 .text.scalbn   0x0000000008006758      0x108 /usr/lib/gcc/arm-none-eabi/4.9.3/../../../arm-none-eabi/lib/armv7e-m/fpu/libm.a(lib_a-s_scalbn.o)
                0x0000000008006758                scalbn
 .text.copysign
                0x0000000008006860       0x1c /usr/lib/gcc/arm-none-eabi/4.9.3/../../../arm-none-eabi/lib/armv7e-m/fpu/libm.a(lib_a-s_copysign.o)
                0x0000000008006860                copysign
 .text._sbrk    0x000000000800687c       0x1c /usr/lib/gcc/arm-none-eabi/4.9.3/../../../arm-none-eabi/lib/armv7e-m/fpu/libnosys.a(sbrk.o)
                0x000000000800687c                _sbrk
 *(.glue_7)
 .glue_7        0x0000000008006898        0x0 linker stubs
 *(.glue_7t)
 .glue_7t       0x0000000008006898        0x0 linker stubs
 *(.eh_frame)
 .eh_frame      0x0000000008006898        0x0 /usr/lib/gcc/arm-none-eabi/4.9.3/armv7e-m/fpu/crtbegin.o
 *(.init)
 .init          0x0000000008006898        0x4 /usr/lib/gcc/arm-none-eabi/4.9.3/armv7e-m/fpu/crti.o
                0x0000000008006898                _init
 .init          0x000000000800689c        0x8 /usr/lib/gcc/arm-none-eabi/4.9.3/armv7e-m/fpu/crtn.o
 *(.fini)
 .fini          0x00000000080068a4        0x4 /usr/lib/gcc/arm-none-eabi/4.9.3/armv7e-m/fpu/crti.o
                0x00000000080068a4                _fini
 .fini          0x00000000080068a8        0x8 /usr/lib/gcc/arm-none-eabi/4.9.3/armv7e-m/fpu/crtn.o
                0x00000000080068b0                . = ALIGN (0x4)
                0x00000000080068b0                _etext = .

.vfp11_veneer   0x00000000080068b0        0x0
 .vfp11_veneer  0x00000000080068b0        0x0 linker stubs

.v4_bx          0x00000000080068b0        0x0
 .v4_bx         0x00000000080068b0        0x0 linker stubs

.iplt           0x00000000080068b0        0x0
 .iplt          0x00000000080068b0        0x0 /usr/lib/gcc/arm-none-eabi/4.9.3/armv7e-m/fpu/crtbegin.o

.rodata         0x00000000080068b0      0x418
                0x00000000080068b0                . = ALIGN (0x4)
 *(.rodata)
 *(.rodata*)
 .rodata.str1.4
                0x00000000080068b0       0x32 build/assert.o
 *fill*         0x00000000080068e2        0x2 
 .rodata.AHBPrescTable
                0x00000000080068e4       0x10 build/system_stm32f4xx.o
                0x00000000080068e4                AHBPrescTable
 .rodata.APBPrescTable
                0x00000000080068f4        0x8 build/system_stm32f4xx.o
                0x00000000080068f4                APBPrescTable
 .rodata.str1.4
                0x00000000080068fc       0x98 build/main.o
                                         0x95 (size before relaxing)
 .rodata.str1.1
                0x0000000008006994        0x2 /usr/lib/gcc/arm-none-eabi/4.9.3/../../../arm-none-eabi/lib/armv7e-m/fpu/libc_nano.a(lib_a-impure.o)
 .rodata.str1.1
                0x0000000008006996       0x12 /usr/lib/gcc/arm-none-eabi/4.9.3/../../../arm-none-eabi/lib/armv7e-m/fpu/libc_nano.a(lib_a-nano-vfprintf_float.o)
 .rodata.str1.1
                0x00000000080069a8       0x22 /usr/lib/gcc/arm-none-eabi/4.9.3/../../../arm-none-eabi/lib/armv7e-m/fpu/libc_nano.a(lib_a-nano-vfprintf_i.o)
 .rodata.str1.1
                0x00000000080069ca        0xd /usr/lib/gcc/arm-none-eabi/4.9.3/../../../arm-none-eabi/lib/armv7e-m/fpu/libc_nano.a(lib_a-dtoa.o)
                                          0xf (size before relaxing)
 .rodata.str1.1
                0x00000000080069d7        0x8 /usr/lib/gcc/arm-none-eabi/4.9.3/../../../arm-none-eabi/lib/armv7e-m/fpu/libc_nano.a(lib_a-locale.o)
                                          0xb (size before relaxing)
 *fill*         0x00000000080069df        0x1 
 .rodata.__mprec_tens
                0x00000000080069e0       0xc8 /usr/lib/gcc/arm-none-eabi/4.9.3/../../../arm-none-eabi/lib/armv7e-m/fpu/libc_nano.a(lib_a-mprec.o)
                0x00000000080069e0                __mprec_tens
 .rodata.__mprec_bigtens
                0x0000000008006aa8       0x28 /usr/lib/gcc/arm-none-eabi/4.9.3/../../../arm-none-eabi/lib/armv7e-m/fpu/libc_nano.a(lib_a-mprec.o)
                0x0000000008006aa8                __mprec_bigtens
 .rodata.p05.5314
                0x0000000008006ad0        0xc /usr/lib/gcc/arm-none-eabi/4.9.3/../../../arm-none-eabi/lib/armv7e-m/fpu/libc_nano.a(lib_a-mprec.o)
 .rodata.str1.1
                0x0000000008006adc       0x11 /usr/lib/gcc/arm-none-eabi/4.9.3/../../../arm-none-eabi/lib/armv7e-m/fpu/libc_nano.a(lib_a-nano-svfprintf.o)
 *fill*         0x0000000008006aed        0x3 
 .rodata.npio2_hw
                0x0000000008006af0       0x80 /usr/lib/gcc/arm-none-eabi/4.9.3/../../../arm-none-eabi/lib/armv7e-m/fpu/libm.a(lib_a-e_rem_pio2.o)
 .rodata.two_over_pi
                0x0000000008006b70      0x108 /usr/lib/gcc/arm-none-eabi/4.9.3/../../../arm-none-eabi/lib/armv7e-m/fpu/libm.a(lib_a-e_rem_pio2.o)
 .rodata.init_jk
                0x0000000008006c78       0x10 /usr/lib/gcc/arm-none-eabi/4.9.3/../../../arm-none-eabi/lib/armv7e-m/fpu/libm.a(lib_a-k_rem_pio2.o)
 .rodata.PIo2   0x0000000008006c88       0x40 /usr/lib/gcc/arm-none-eabi/4.9.3/../../../arm-none-eabi/lib/armv7e-m/fpu/libm.a(lib_a-k_rem_pio2.o)
                0x0000000008006cc8                . = ALIGN (0x4)

.ARM.extab
 *(.ARM.extab* .gnu.linkonce.armextab.*)

.ARM            0x0000000008006cc8        0x8
                0x0000000008006cc8                __exidx_start = .
 *(.ARM.exidx*)
 .ARM.exidx     0x0000000008006cc8        0x8 /usr/lib/gcc/arm-none-eabi/4.9.3/armv7e-m/fpu/libgcc.a(_divdi3.o)
 .ARM.exidx     0x0000000008006cd0        0x0 /usr/lib/gcc/arm-none-eabi/4.9.3/armv7e-m/fpu/libgcc.a(_udivdi3.o)
                                          0x8 (size before relaxing)
                0x0000000008006cd0                __exidx_end = .

.rel.dyn        0x0000000008006cd0        0x0
 .rel.iplt      0x0000000008006cd0        0x0 /usr/lib/gcc/arm-none-eabi/4.9.3/armv7e-m/fpu/crtbegin.o

.preinit_array  0x0000000008006cd0        0x0
                0x0000000008006cd0                PROVIDE (__preinit_array_start, .)
 *(.preinit_array*)
                0x0000000008006cd0                PROVIDE (__preinit_array_end, .)

.init_array     0x0000000008006cd0        0x4
                0x0000000008006cd0                PROVIDE (__init_array_start, .)
 *(SORT(.init_array.*))
 *(.init_array*)
 .init_array    0x0000000008006cd0        0x4 /usr/lib/gcc/arm-none-eabi/4.9.3/armv7e-m/fpu/crtbegin.o
                0x0000000008006cd4                PROVIDE (__init_array_end, .)

.fini_array     0x0000000008006cd4        0x4
                0x0000000008006cd4                PROVIDE (__fini_array_start, .)
 *(SORT(.fini_array.*))
 *(.fini_array*)
 .fini_array    0x0000000008006cd4        0x4 /usr/lib/gcc/arm-none-eabi/4.9.3/armv7e-m/fpu/crtbegin.o
                0x0000000008006cd8                PROVIDE (__fini_array_end, .)
                0x0000000008006cd8                _sidata = LOADADDR (.data)

.data           0x0000000020000000       0xf4 load address 0x0000000008006cd8
                0x0000000020000000                . = ALIGN (0x4)
                0x0000000020000000                _sdata = .
 *(.data)
 *(.data*)
 .data.val1     0x0000000020000000       0x38 build/assert.o
                0x0000000020000000                val1
 .data.firstLoopPass.7962
                0x0000000020000038        0x4 build/assert.o
 .data.firstLoopPass.7943
                0x000000002000003c        0x4 build/assert.o
 .data.consignes
                0x0000000020000040        0x7 build/assert.o
                0x0000000020000040                consignes
 .data.uwTickFreq
                0x0000000020000047        0x1 build/stm32f4xx_hal.o
                0x0000000020000047                uwTickFreq
 .data.uwTickPrio
                0x0000000020000048        0x4 build/stm32f4xx_hal.o
                0x0000000020000048                uwTickPrio
 .data.SystemCoreClock
                0x000000002000004c        0x4 build/system_stm32f4xx.o
                0x000000002000004c                SystemCoreClock
 .data.debugMessageFrequency
                0x0000000020000050        0x4 build/main.o
                0x0000000020000050                debugMessageFrequency
 .data.fixedFrequency
                0x0000000020000054        0x4 build/main.o
                0x0000000020000054                fixedFrequency
 .data.impure_data
                0x0000000020000058       0x60 /usr/lib/gcc/arm-none-eabi/4.9.3/../../../arm-none-eabi/lib/armv7e-m/fpu/libc_nano.a(lib_a-impure.o)
 .data._impure_ptr
                0x00000000200000b8        0x4 /usr/lib/gcc/arm-none-eabi/4.9.3/../../../arm-none-eabi/lib/armv7e-m/fpu/libc_nano.a(lib_a-impure.o)
                0x00000000200000b8                _impure_ptr
 .data.lconv    0x00000000200000bc       0x38 /usr/lib/gcc/arm-none-eabi/4.9.3/../../../arm-none-eabi/lib/armv7e-m/fpu/libc_nano.a(lib_a-locale.o)
                0x00000000200000f4                . = ALIGN (0x4)
                0x00000000200000f4                _edata = .

.jcr            0x00000000200000f4        0x0 load address 0x0000000008006dcc
 .jcr           0x00000000200000f4        0x0 /usr/lib/gcc/arm-none-eabi/4.9.3/armv7e-m/fpu/crtbegin.o

.tm_clone_table
                0x00000000200000f4        0x0 load address 0x0000000008006dcc
 .tm_clone_table
                0x00000000200000f4        0x0 /usr/lib/gcc/arm-none-eabi/4.9.3/armv7e-m/fpu/crtbegin.o
 .tm_clone_table
                0x00000000200000f4        0x0 /usr/lib/gcc/arm-none-eabi/4.9.3/armv7e-m/fpu/crtend.o

.igot.plt       0x00000000200000f4        0x0 load address 0x0000000008006dcc
 .igot.plt      0x00000000200000f4        0x0 /usr/lib/gcc/arm-none-eabi/4.9.3/armv7e-m/fpu/crtbegin.o
                0x00000000200000f4                . = ALIGN (0x4)

.bss            0x00000000200000f8      0x29c load address 0x0000000008006dcc
                0x00000000200000f8                _sbss = .
                0x00000000200000f8                __bss_start__ = _sbss
 *(.bss)
 .bss           0x00000000200000f8       0x1c /usr/lib/gcc/arm-none-eabi/4.9.3/armv7e-m/fpu/crtbegin.o
 *(.bss*)
 .bss.isMvtDone.7956
                0x0000000020000114        0x4 build/assert.o
 .bss.angleInit.7961
                0x0000000020000118        0x8 build/assert.o
 .bss.oldErrorGauche.7959
                0x0000000020000120        0x4 build/assert.o
 *fill*         0x0000000020000124        0x4 
 .bss.val2      0x0000000020000128       0x38 build/assert.o
                0x0000000020000128                val2
 .bss.oldErrorDroite.7957
                0x0000000020000160        0x4 build/assert.o
 .bss.errorSumGauche.7960
                0x0000000020000164        0x4 build/assert.o
 .bss.endOfMvt  0x0000000020000168        0x4 build/assert.o
                0x0000000020000168                endOfMvt
 .bss.state.7923
                0x000000002000016c        0x4 build/assert.o
 .bss.angleInit.7942
                0x0000000020000170        0x8 build/assert.o
 .bss.errorSumDroite.7958
                0x0000000020000178        0x4 build/assert.o
 .bss.consigneDroit
                0x000000002000017c        0x4 build/main.o
                0x000000002000017c                consigneDroit
 .bss.positionX
                0x0000000020000180        0x8 build/main.o
                0x0000000020000180                positionX
 .bss.positionY
                0x0000000020000188        0x8 build/main.o
                0x0000000020000188                positionY
 .bss.tim4Tot   0x0000000020000190        0x4 build/main.o
                0x0000000020000190                tim4Tot
 .bss.tim5Tot   0x0000000020000194        0x4 build/main.o
                0x0000000020000194                tim5Tot
 .bss.buffer2   0x0000000020000198       0x32 build/main.o
                0x0000000020000198                buffer2
 *fill*         0x00000000200001ca        0x2 
 .bss.debugCounter
                0x00000000200001cc        0x4 build/main.o
                0x00000000200001cc                debugCounter
 .bss.buffer    0x00000000200001d0       0x32 build/main.o
                0x00000000200001d0                buffer
 *fill*         0x0000000020000202        0x6 
 .bss.angle     0x0000000020000208        0x8 build/main.o
                0x0000000020000208                angle
 .bss.consigneGauche
                0x0000000020000210        0x4 build/main.o
                0x0000000020000210                consigneGauche
 .bss.__malloc_sbrk_start
                0x0000000020000214        0x4 /usr/lib/gcc/arm-none-eabi/4.9.3/../../../arm-none-eabi/lib/armv7e-m/fpu/libc_nano.a(lib_a-nano-mallocr.o)
                0x0000000020000214                __malloc_sbrk_start
 .bss.__malloc_free_list
                0x0000000020000218        0x4 /usr/lib/gcc/arm-none-eabi/4.9.3/../../../arm-none-eabi/lib/armv7e-m/fpu/libc_nano.a(lib_a-nano-mallocr.o)
                0x0000000020000218                __malloc_free_list
 .bss.heap_end.4079
                0x000000002000021c        0x4 /usr/lib/gcc/arm-none-eabi/4.9.3/../../../arm-none-eabi/lib/armv7e-m/fpu/libnosys.a(sbrk.o)
 *(COMMON)
 COMMON         0x0000000020000220        0x4 build/stm32f4xx_hal.o
                0x0000000020000220                uwTick
 COMMON         0x0000000020000224      0x16c build/main.o
                0x0000000020000224                htim4
                0x0000000020000260                htim5
                0x000000002000029c                htim3
                0x00000000200002d8                htim1
                0x0000000020000314                htim2
                0x0000000020000350                huart2
 COMMON         0x0000000020000390        0x4 /usr/lib/gcc/arm-none-eabi/4.9.3/../../../arm-none-eabi/lib/armv7e-m/fpu/libc_nano.a(lib_a-reent.o)
                0x0000000020000390                errno
                0x0000000020000394                . = ALIGN (0x4)
                0x0000000020000394                _ebss = .
                0x0000000020000394                __bss_end__ = _ebss

._user_heap_stack
                0x0000000020000394      0x604 load address 0x0000000008006dcc
                0x0000000020000398                . = ALIGN (0x8)
 *fill*         0x0000000020000394        0x4 
                0x0000000020000398                PROVIDE (end, .)
                [!provide]                        PROVIDE (_end, .)
                0x0000000020000598                . = (. + _Min_Heap_Size)
 *fill*         0x0000000020000398      0x200 
                0x0000000020000998                . = (. + _Min_Stack_Size)
 *fill*         0x0000000020000598      0x400 
                0x0000000020000998                . = ALIGN (0x8)

/DISCARD/
 libc.a(*)
 libm.a(*)
 libgcc.a(*)

.ARM.attributes
                0x0000000000000000       0x30
 *(.ARM.attributes)
 .ARM.attributes
                0x0000000000000000       0x22 /usr/lib/gcc/arm-none-eabi/4.9.3/armv7e-m/fpu/crti.o
 .ARM.attributes
                0x0000000000000022       0x34 /usr/lib/gcc/arm-none-eabi/4.9.3/armv7e-m/fpu/crtbegin.o
 .ARM.attributes
                0x0000000000000056       0x39 build/assert.o
 .ARM.attributes
                0x000000000000008f       0x39 build/stm32f4xx_hal_tim.o
 .ARM.attributes
                0x00000000000000c8       0x39 build/stm32f4xx_hal_tim_ex.o
 .ARM.attributes
                0x0000000000000101       0x39 build/stm32f4xx_hal_uart.o
 .ARM.attributes
                0x000000000000013a       0x39 build/stm32f4xx_hal_rcc.o
 .ARM.attributes
                0x0000000000000173       0x39 build/stm32f4xx_hal_gpio.o
 .ARM.attributes
                0x00000000000001ac       0x39 build/stm32f4xx_hal_cortex.o
 .ARM.attributes
                0x00000000000001e5       0x39 build/stm32f4xx_hal.o
 .ARM.attributes
                0x000000000000021e       0x39 build/system_stm32f4xx.o
 .ARM.attributes
                0x0000000000000257       0x39 build/main.o
 .ARM.attributes
                0x0000000000000290       0x39 build/stm32f4xx_it.o
 .ARM.attributes
                0x00000000000002c9       0x39 build/stm32f4xx_hal_msp.o
 .ARM.attributes
                0x0000000000000302       0x21 build/startup_stm32f401xe.o
 .ARM.attributes
                0x0000000000000323       0x34 /usr/lib/gcc/arm-none-eabi/4.9.3/../../../arm-none-eabi/lib/armv7e-m/fpu/libc_nano.a(lib_a-impure.o)
 .ARM.attributes
                0x0000000000000357       0x34 /usr/lib/gcc/arm-none-eabi/4.9.3/../../../arm-none-eabi/lib/armv7e-m/fpu/libc_nano.a(lib_a-init.o)
 .ARM.attributes
                0x000000000000038b       0x34 /usr/lib/gcc/arm-none-eabi/4.9.3/../../../arm-none-eabi/lib/armv7e-m/fpu/libc_nano.a(lib_a-memset.o)
 .ARM.attributes
                0x00000000000003bf       0x34 /usr/lib/gcc/arm-none-eabi/4.9.3/../../../arm-none-eabi/lib/armv7e-m/fpu/libc_nano.a(lib_a-nano-vfprintf_float.o)
 .ARM.attributes
                0x00000000000003f3       0x34 /usr/lib/gcc/arm-none-eabi/4.9.3/../../../arm-none-eabi/lib/armv7e-m/fpu/libc_nano.a(lib_a-nano-vfprintf_i.o)
 .ARM.attributes
                0x0000000000000427       0x34 /usr/lib/gcc/arm-none-eabi/4.9.3/../../../arm-none-eabi/lib/armv7e-m/fpu/libc_nano.a(lib_a-s_fpclassify.o)
 .ARM.attributes
                0x000000000000045b       0x34 /usr/lib/gcc/arm-none-eabi/4.9.3/../../../arm-none-eabi/lib/armv7e-m/fpu/libc_nano.a(lib_a-sprintf.o)
 .ARM.attributes
                0x000000000000048f       0x34 /usr/lib/gcc/arm-none-eabi/4.9.3/../../../arm-none-eabi/lib/armv7e-m/fpu/libc_nano.a(lib_a-strlen.o)
 .ARM.attributes
                0x00000000000004c3       0x34 /usr/lib/gcc/arm-none-eabi/4.9.3/../../../arm-none-eabi/lib/armv7e-m/fpu/libc_nano.a(lib_a-dtoa.o)
 .ARM.attributes
                0x00000000000004f7       0x34 /usr/lib/gcc/arm-none-eabi/4.9.3/../../../arm-none-eabi/lib/armv7e-m/fpu/libc_nano.a(lib_a-locale.o)
 .ARM.attributes
                0x000000000000052b       0x34 /usr/lib/gcc/arm-none-eabi/4.9.3/../../../arm-none-eabi/lib/armv7e-m/fpu/libc_nano.a(lib_a-malloc.o)
 .ARM.attributes
                0x000000000000055f       0x34 /usr/lib/gcc/arm-none-eabi/4.9.3/../../../arm-none-eabi/lib/armv7e-m/fpu/libc_nano.a(lib_a-memchr.o)
 .ARM.attributes
                0x0000000000000593       0x34 /usr/lib/gcc/arm-none-eabi/4.9.3/../../../arm-none-eabi/lib/armv7e-m/fpu/libc_nano.a(lib_a-memcpy.o)
 .ARM.attributes
                0x00000000000005c7       0x34 /usr/lib/gcc/arm-none-eabi/4.9.3/../../../arm-none-eabi/lib/armv7e-m/fpu/libc_nano.a(lib_a-mprec.o)
 .ARM.attributes
                0x00000000000005fb       0x34 /usr/lib/gcc/arm-none-eabi/4.9.3/../../../arm-none-eabi/lib/armv7e-m/fpu/libc_nano.a(lib_a-nano-callocr.o)
 .ARM.attributes
                0x000000000000062f       0x34 /usr/lib/gcc/arm-none-eabi/4.9.3/../../../arm-none-eabi/lib/armv7e-m/fpu/libc_nano.a(lib_a-nano-freer.o)
 .ARM.attributes
                0x0000000000000663       0x34 /usr/lib/gcc/arm-none-eabi/4.9.3/../../../arm-none-eabi/lib/armv7e-m/fpu/libc_nano.a(lib_a-nano-mallocr.o)
 .ARM.attributes
                0x0000000000000697       0x34 /usr/lib/gcc/arm-none-eabi/4.9.3/../../../arm-none-eabi/lib/armv7e-m/fpu/libc_nano.a(lib_a-nano-svfprintf.o)
 .ARM.attributes
                0x00000000000006cb       0x34 /usr/lib/gcc/arm-none-eabi/4.9.3/../../../arm-none-eabi/lib/armv7e-m/fpu/libc_nano.a(lib_a-sbrkr.o)
 .ARM.attributes
                0x00000000000006ff       0x34 /usr/lib/gcc/arm-none-eabi/4.9.3/../../../arm-none-eabi/lib/armv7e-m/fpu/libc_nano.a(lib_a-memmove.o)
 .ARM.attributes
                0x0000000000000733       0x34 /usr/lib/gcc/arm-none-eabi/4.9.3/../../../arm-none-eabi/lib/armv7e-m/fpu/libc_nano.a(lib_a-nano-reallocr.o)
 .ARM.attributes
                0x0000000000000767       0x34 /usr/lib/gcc/arm-none-eabi/4.9.3/../../../arm-none-eabi/lib/armv7e-m/fpu/libc_nano.a(lib_a-reent.o)
 .ARM.attributes
                0x000000000000079b       0x34 /usr/lib/gcc/arm-none-eabi/4.9.3/../../../arm-none-eabi/lib/armv7e-m/fpu/libc_nano.a(lib_a-nano-msizer.o)
 .ARM.attributes
                0x00000000000007cf       0x34 /usr/lib/gcc/arm-none-eabi/4.9.3/../../../arm-none-eabi/lib/armv7e-m/fpu/libm.a(lib_a-s_cos.o)
 .ARM.attributes
                0x0000000000000803       0x34 /usr/lib/gcc/arm-none-eabi/4.9.3/../../../arm-none-eabi/lib/armv7e-m/fpu/libm.a(lib_a-s_sin.o)
 .ARM.attributes
                0x0000000000000837       0x34 /usr/lib/gcc/arm-none-eabi/4.9.3/../../../arm-none-eabi/lib/armv7e-m/fpu/libm.a(lib_a-e_rem_pio2.o)
 .ARM.attributes
                0x000000000000086b       0x34 /usr/lib/gcc/arm-none-eabi/4.9.3/../../../arm-none-eabi/lib/armv7e-m/fpu/libm.a(lib_a-k_cos.o)
 .ARM.attributes
                0x000000000000089f       0x34 /usr/lib/gcc/arm-none-eabi/4.9.3/../../../arm-none-eabi/lib/armv7e-m/fpu/libm.a(lib_a-k_rem_pio2.o)
 .ARM.attributes
                0x00000000000008d3       0x34 /usr/lib/gcc/arm-none-eabi/4.9.3/../../../arm-none-eabi/lib/armv7e-m/fpu/libm.a(lib_a-k_sin.o)
 .ARM.attributes
                0x0000000000000907       0x34 /usr/lib/gcc/arm-none-eabi/4.9.3/../../../arm-none-eabi/lib/armv7e-m/fpu/libm.a(lib_a-s_fabs.o)
 .ARM.attributes
                0x000000000000093b       0x34 /usr/lib/gcc/arm-none-eabi/4.9.3/../../../arm-none-eabi/lib/armv7e-m/fpu/libm.a(lib_a-s_floor.o)
 .ARM.attributes
                0x000000000000096f       0x34 /usr/lib/gcc/arm-none-eabi/4.9.3/../../../arm-none-eabi/lib/armv7e-m/fpu/libm.a(lib_a-s_scalbn.o)
 .ARM.attributes
                0x00000000000009a3       0x34 /usr/lib/gcc/arm-none-eabi/4.9.3/../../../arm-none-eabi/lib/armv7e-m/fpu/libm.a(lib_a-s_copysign.o)
 .ARM.attributes
                0x00000000000009d7       0x34 /usr/lib/gcc/arm-none-eabi/4.9.3/../../../arm-none-eabi/lib/armv7e-m/fpu/libnosys.a(sbrk.o)
 .ARM.attributes
                0x0000000000000a0b       0x22 /usr/lib/gcc/arm-none-eabi/4.9.3/armv7e-m/fpu/libgcc.a(_arm_addsubdf3.o)
 .ARM.attributes
                0x0000000000000a2d       0x22 /usr/lib/gcc/arm-none-eabi/4.9.3/armv7e-m/fpu/libgcc.a(_arm_muldivdf3.o)
 .ARM.attributes
                0x0000000000000a4f       0x22 /usr/lib/gcc/arm-none-eabi/4.9.3/armv7e-m/fpu/libgcc.a(_arm_cmpdf2.o)
 .ARM.attributes
                0x0000000000000a71       0x22 /usr/lib/gcc/arm-none-eabi/4.9.3/armv7e-m/fpu/libgcc.a(_arm_fixdfsi.o)
 .ARM.attributes
                0x0000000000000a93       0x22 /usr/lib/gcc/arm-none-eabi/4.9.3/armv7e-m/fpu/libgcc.a(_arm_fixunsdfsi.o)
 .ARM.attributes
                0x0000000000000ab5       0x22 /usr/lib/gcc/arm-none-eabi/4.9.3/armv7e-m/fpu/libgcc.a(_aeabi_uldivmod.o)
 .ARM.attributes
                0x0000000000000ad7       0x34 /usr/lib/gcc/arm-none-eabi/4.9.3/armv7e-m/fpu/libgcc.a(bpabi.o)
 .ARM.attributes
                0x0000000000000b0b       0x22 /usr/lib/gcc/arm-none-eabi/4.9.3/armv7e-m/fpu/libgcc.a(_dvmd_tls.o)
 .ARM.attributes
                0x0000000000000b2d       0x34 /usr/lib/gcc/arm-none-eabi/4.9.3/armv7e-m/fpu/libgcc.a(_divdi3.o)
 .ARM.attributes
                0x0000000000000b61       0x34 /usr/lib/gcc/arm-none-eabi/4.9.3/armv7e-m/fpu/libgcc.a(_udivdi3.o)
 .ARM.attributes
                0x0000000000000b95       0x34 /usr/lib/gcc/arm-none-eabi/4.9.3/armv7e-m/fpu/crtend.o
 .ARM.attributes
                0x0000000000000bc9       0x22 /usr/lib/gcc/arm-none-eabi/4.9.3/armv7e-m/fpu/crtn.o
OUTPUT(build/MainNucleo.elf elf32-littlearm)

.comment        0x0000000000000000       0xef
 .comment       0x0000000000000000       0x38 /usr/lib/gcc/arm-none-eabi/4.9.3/armv7e-m/fpu/crtbegin.o
                                         0x39 (size before relaxing)
 .comment       0x0000000000000038       0x39 build/assert.o
 .comment       0x0000000000000038       0x7f build/stm32f4xx_hal_tim.o
                                         0x80 (size before relaxing)
 .comment       0x00000000000000b7       0x80 build/stm32f4xx_hal_tim_ex.o
 .comment       0x00000000000000b7       0x80 build/stm32f4xx_hal_uart.o
 .comment       0x00000000000000b7       0x80 build/stm32f4xx_hal_rcc.o
 .comment       0x00000000000000b7       0x80 build/stm32f4xx_hal_gpio.o
 .comment       0x00000000000000b7       0x80 build/stm32f4xx_hal_cortex.o
 .comment       0x00000000000000b7       0x80 build/stm32f4xx_hal.o
 .comment       0x00000000000000b7       0x80 build/system_stm32f4xx.o
 .comment       0x00000000000000b7       0x39 build/main.o
 .comment       0x00000000000000b7       0x80 build/stm32f4xx_it.o
 .comment       0x00000000000000b7       0x80 build/stm32f4xx_hal_msp.o
 .comment       0x00000000000000b7       0x38 /usr/lib/gcc/arm-none-eabi/4.9.3/../../../arm-none-eabi/lib/armv7e-m/fpu/libc_nano.a(lib_a-impure.o)
                                         0x39 (size before relaxing)
 .comment       0x00000000000000ef       0x39 /usr/lib/gcc/arm-none-eabi/4.9.3/../../../arm-none-eabi/lib/armv7e-m/fpu/libc_nano.a(lib_a-init.o)
 .comment       0x00000000000000ef       0x39 /usr/lib/gcc/arm-none-eabi/4.9.3/../../../arm-none-eabi/lib/armv7e-m/fpu/libc_nano.a(lib_a-memset.o)
 .comment       0x00000000000000ef       0x39 /usr/lib/gcc/arm-none-eabi/4.9.3/../../../arm-none-eabi/lib/armv7e-m/fpu/libc_nano.a(lib_a-nano-vfprintf_float.o)
 .comment       0x00000000000000ef       0x39 /usr/lib/gcc/arm-none-eabi/4.9.3/../../../arm-none-eabi/lib/armv7e-m/fpu/libc_nano.a(lib_a-nano-vfprintf_i.o)
 .comment       0x00000000000000ef       0x39 /usr/lib/gcc/arm-none-eabi/4.9.3/../../../arm-none-eabi/lib/armv7e-m/fpu/libc_nano.a(lib_a-s_fpclassify.o)
 .comment       0x00000000000000ef       0x39 /usr/lib/gcc/arm-none-eabi/4.9.3/../../../arm-none-eabi/lib/armv7e-m/fpu/libc_nano.a(lib_a-sprintf.o)
 .comment       0x00000000000000ef       0x39 /usr/lib/gcc/arm-none-eabi/4.9.3/../../../arm-none-eabi/lib/armv7e-m/fpu/libc_nano.a(lib_a-strlen.o)
 .comment       0x00000000000000ef       0x39 /usr/lib/gcc/arm-none-eabi/4.9.3/../../../arm-none-eabi/lib/armv7e-m/fpu/libc_nano.a(lib_a-dtoa.o)
 .comment       0x00000000000000ef       0x39 /usr/lib/gcc/arm-none-eabi/4.9.3/../../../arm-none-eabi/lib/armv7e-m/fpu/libc_nano.a(lib_a-locale.o)
 .comment       0x00000000000000ef       0x39 /usr/lib/gcc/arm-none-eabi/4.9.3/../../../arm-none-eabi/lib/armv7e-m/fpu/libc_nano.a(lib_a-malloc.o)
 .comment       0x00000000000000ef       0x39 /usr/lib/gcc/arm-none-eabi/4.9.3/../../../arm-none-eabi/lib/armv7e-m/fpu/libc_nano.a(lib_a-memchr.o)
 .comment       0x00000000000000ef       0x39 /usr/lib/gcc/arm-none-eabi/4.9.3/../../../arm-none-eabi/lib/armv7e-m/fpu/libc_nano.a(lib_a-memcpy.o)
 .comment       0x00000000000000ef       0x39 /usr/lib/gcc/arm-none-eabi/4.9.3/../../../arm-none-eabi/lib/armv7e-m/fpu/libc_nano.a(lib_a-mprec.o)
 .comment       0x00000000000000ef       0x39 /usr/lib/gcc/arm-none-eabi/4.9.3/../../../arm-none-eabi/lib/armv7e-m/fpu/libc_nano.a(lib_a-nano-callocr.o)
 .comment       0x00000000000000ef       0x39 /usr/lib/gcc/arm-none-eabi/4.9.3/../../../arm-none-eabi/lib/armv7e-m/fpu/libc_nano.a(lib_a-nano-freer.o)
 .comment       0x00000000000000ef       0x39 /usr/lib/gcc/arm-none-eabi/4.9.3/../../../arm-none-eabi/lib/armv7e-m/fpu/libc_nano.a(lib_a-nano-mallocr.o)
 .comment       0x00000000000000ef       0x39 /usr/lib/gcc/arm-none-eabi/4.9.3/../../../arm-none-eabi/lib/armv7e-m/fpu/libc_nano.a(lib_a-nano-svfprintf.o)
 .comment       0x00000000000000ef       0x39 /usr/lib/gcc/arm-none-eabi/4.9.3/../../../arm-none-eabi/lib/armv7e-m/fpu/libc_nano.a(lib_a-sbrkr.o)
 .comment       0x00000000000000ef       0x39 /usr/lib/gcc/arm-none-eabi/4.9.3/../../../arm-none-eabi/lib/armv7e-m/fpu/libc_nano.a(lib_a-memmove.o)
 .comment       0x00000000000000ef       0x39 /usr/lib/gcc/arm-none-eabi/4.9.3/../../../arm-none-eabi/lib/armv7e-m/fpu/libc_nano.a(lib_a-nano-reallocr.o)
 .comment       0x00000000000000ef       0x39 /usr/lib/gcc/arm-none-eabi/4.9.3/../../../arm-none-eabi/lib/armv7e-m/fpu/libc_nano.a(lib_a-reent.o)
 .comment       0x00000000000000ef       0x39 /usr/lib/gcc/arm-none-eabi/4.9.3/../../../arm-none-eabi/lib/armv7e-m/fpu/libc_nano.a(lib_a-nano-msizer.o)
 .comment       0x00000000000000ef       0x39 /usr/lib/gcc/arm-none-eabi/4.9.3/../../../arm-none-eabi/lib/armv7e-m/fpu/libm.a(lib_a-s_cos.o)
 .comment       0x00000000000000ef       0x39 /usr/lib/gcc/arm-none-eabi/4.9.3/../../../arm-none-eabi/lib/armv7e-m/fpu/libm.a(lib_a-s_sin.o)
 .comment       0x00000000000000ef       0x39 /usr/lib/gcc/arm-none-eabi/4.9.3/../../../arm-none-eabi/lib/armv7e-m/fpu/libm.a(lib_a-e_rem_pio2.o)
 .comment       0x00000000000000ef       0x39 /usr/lib/gcc/arm-none-eabi/4.9.3/../../../arm-none-eabi/lib/armv7e-m/fpu/libm.a(lib_a-k_cos.o)
 .comment       0x00000000000000ef       0x39 /usr/lib/gcc/arm-none-eabi/4.9.3/../../../arm-none-eabi/lib/armv7e-m/fpu/libm.a(lib_a-k_rem_pio2.o)
 .comment       0x00000000000000ef       0x39 /usr/lib/gcc/arm-none-eabi/4.9.3/../../../arm-none-eabi/lib/armv7e-m/fpu/libm.a(lib_a-k_sin.o)
 .comment       0x00000000000000ef       0x39 /usr/lib/gcc/arm-none-eabi/4.9.3/../../../arm-none-eabi/lib/armv7e-m/fpu/libm.a(lib_a-s_fabs.o)
 .comment       0x00000000000000ef       0x39 /usr/lib/gcc/arm-none-eabi/4.9.3/../../../arm-none-eabi/lib/armv7e-m/fpu/libm.a(lib_a-s_floor.o)
 .comment       0x00000000000000ef       0x39 /usr/lib/gcc/arm-none-eabi/4.9.3/../../../arm-none-eabi/lib/armv7e-m/fpu/libm.a(lib_a-s_scalbn.o)
 .comment       0x00000000000000ef       0x39 /usr/lib/gcc/arm-none-eabi/4.9.3/../../../arm-none-eabi/lib/armv7e-m/fpu/libm.a(lib_a-s_copysign.o)
 .comment       0x00000000000000ef       0x39 /usr/lib/gcc/arm-none-eabi/4.9.3/../../../arm-none-eabi/lib/armv7e-m/fpu/libnosys.a(sbrk.o)
 .comment       0x00000000000000ef       0x39 /usr/lib/gcc/arm-none-eabi/4.9.3/armv7e-m/fpu/libgcc.a(bpabi.o)
 .comment       0x00000000000000ef       0x39 /usr/lib/gcc/arm-none-eabi/4.9.3/armv7e-m/fpu/libgcc.a(_divdi3.o)
 .comment       0x00000000000000ef       0x39 /usr/lib/gcc/arm-none-eabi/4.9.3/armv7e-m/fpu/libgcc.a(_udivdi3.o)
 .comment       0x00000000000000ef       0x39 /usr/lib/gcc/arm-none-eabi/4.9.3/armv7e-m/fpu/crtend.o

.debug_info     0x0000000000000000    0x2032c
 .debug_info    0x0000000000000000      0xbde build/assert.o
 .debug_info    0x0000000000000bde     0x3a26 build/stm32f4xx_hal_tim.o
 .debug_info    0x0000000000004604     0x1d6a build/stm32f4xx_hal_tim_ex.o
 .debug_info    0x000000000000636e     0x216d build/stm32f4xx_hal_uart.o
 .debug_info    0x00000000000084db     0x144c build/stm32f4xx_hal_rcc.o
 .debug_info    0x0000000000009927     0x1140 build/stm32f4xx_hal_gpio.o
 .debug_info    0x000000000000aa67     0x1884 build/stm32f4xx_hal_cortex.o
 .debug_info    0x000000000000c2eb     0x1326 build/stm32f4xx_hal.o
 .debug_info    0x000000000000d611      0xeb9 build/system_stm32f4xx.o
 .debug_info    0x000000000000e4ca     0x1c5b build/main.o
 .debug_info    0x0000000000010125      0xb04 build/stm32f4xx_it.o
 .debug_info    0x0000000000010c29     0x18e8 build/stm32f4xx_hal_msp.o
 .debug_info    0x0000000000012511       0x7f build/startup_stm32f401xe.o
 .debug_info    0x0000000000012590      0x7d3 /usr/lib/gcc/arm-none-eabi/4.9.3/../../../arm-none-eabi/lib/armv7e-m/fpu/libc_nano.a(lib_a-impure.o)
 .debug_info    0x0000000000012d63      0x105 /usr/lib/gcc/arm-none-eabi/4.9.3/../../../arm-none-eabi/lib/armv7e-m/fpu/libc_nano.a(lib_a-init.o)
 .debug_info    0x0000000000012e68       0xd3 /usr/lib/gcc/arm-none-eabi/4.9.3/../../../arm-none-eabi/lib/armv7e-m/fpu/libc_nano.a(lib_a-memset.o)
 .debug_info    0x0000000000012f3b     0x10da /usr/lib/gcc/arm-none-eabi/4.9.3/../../../arm-none-eabi/lib/armv7e-m/fpu/libc_nano.a(lib_a-nano-vfprintf_float.o)
 .debug_info    0x0000000000014015      0xb5b /usr/lib/gcc/arm-none-eabi/4.9.3/../../../arm-none-eabi/lib/armv7e-m/fpu/libc_nano.a(lib_a-nano-vfprintf_i.o)
 .debug_info    0x0000000000014b70      0x143 /usr/lib/gcc/arm-none-eabi/4.9.3/../../../arm-none-eabi/lib/armv7e-m/fpu/libc_nano.a(lib_a-s_fpclassify.o)
 .debug_info    0x0000000000014cb3      0x89a /usr/lib/gcc/arm-none-eabi/4.9.3/../../../arm-none-eabi/lib/armv7e-m/fpu/libc_nano.a(lib_a-sprintf.o)
 .debug_info    0x000000000001554d       0xcd /usr/lib/gcc/arm-none-eabi/4.9.3/../../../arm-none-eabi/lib/armv7e-m/fpu/libc_nano.a(lib_a-strlen.o)
 .debug_info    0x000000000001561a     0x11e2 /usr/lib/gcc/arm-none-eabi/4.9.3/../../../arm-none-eabi/lib/armv7e-m/fpu/libc_nano.a(lib_a-dtoa.o)
 .debug_info    0x00000000000167fc      0xad2 /usr/lib/gcc/arm-none-eabi/4.9.3/../../../arm-none-eabi/lib/armv7e-m/fpu/libc_nano.a(lib_a-locale.o)
 .debug_info    0x00000000000172ce      0x7c1 /usr/lib/gcc/arm-none-eabi/4.9.3/../../../arm-none-eabi/lib/armv7e-m/fpu/libc_nano.a(lib_a-malloc.o)
 .debug_info    0x0000000000017a8f       0xf8 /usr/lib/gcc/arm-none-eabi/4.9.3/../../../arm-none-eabi/lib/armv7e-m/fpu/libc_nano.a(lib_a-memchr.o)
 .debug_info    0x0000000000017b87      0x104 /usr/lib/gcc/arm-none-eabi/4.9.3/../../../arm-none-eabi/lib/armv7e-m/fpu/libc_nano.a(lib_a-memcpy.o)
 .debug_info    0x0000000000017c8b     0x15af /usr/lib/gcc/arm-none-eabi/4.9.3/../../../arm-none-eabi/lib/armv7e-m/fpu/libc_nano.a(lib_a-mprec.o)
 .debug_info    0x000000000001923a      0x7e8 /usr/lib/gcc/arm-none-eabi/4.9.3/../../../arm-none-eabi/lib/armv7e-m/fpu/libc_nano.a(lib_a-nano-callocr.o)
 .debug_info    0x0000000000019a22      0x81a /usr/lib/gcc/arm-none-eabi/4.9.3/../../../arm-none-eabi/lib/armv7e-m/fpu/libc_nano.a(lib_a-nano-freer.o)
 .debug_info    0x000000000001a23c      0x8fb /usr/lib/gcc/arm-none-eabi/4.9.3/../../../arm-none-eabi/lib/armv7e-m/fpu/libc_nano.a(lib_a-nano-mallocr.o)
 .debug_info    0x000000000001ab37      0xdf4 /usr/lib/gcc/arm-none-eabi/4.9.3/../../../arm-none-eabi/lib/armv7e-m/fpu/libc_nano.a(lib_a-nano-svfprintf.o)
 .debug_info    0x000000000001b92b      0x7a0 /usr/lib/gcc/arm-none-eabi/4.9.3/../../../arm-none-eabi/lib/armv7e-m/fpu/libc_nano.a(lib_a-sbrkr.o)
 .debug_info    0x000000000001c0cb      0x102 /usr/lib/gcc/arm-none-eabi/4.9.3/../../../arm-none-eabi/lib/armv7e-m/fpu/libc_nano.a(lib_a-memmove.o)
 .debug_info    0x000000000001c1cd      0x8b5 /usr/lib/gcc/arm-none-eabi/4.9.3/../../../arm-none-eabi/lib/armv7e-m/fpu/libc_nano.a(lib_a-nano-reallocr.o)
 .debug_info    0x000000000001ca82      0x8fb /usr/lib/gcc/arm-none-eabi/4.9.3/../../../arm-none-eabi/lib/armv7e-m/fpu/libc_nano.a(lib_a-reent.o)
 .debug_info    0x000000000001d37d      0x7b9 /usr/lib/gcc/arm-none-eabi/4.9.3/../../../arm-none-eabi/lib/armv7e-m/fpu/libc_nano.a(lib_a-nano-msizer.o)
 .debug_info    0x000000000001db36      0x1c5 /usr/lib/gcc/arm-none-eabi/4.9.3/../../../arm-none-eabi/lib/armv7e-m/fpu/libm.a(lib_a-s_cos.o)
 .debug_info    0x000000000001dcfb      0x1d0 /usr/lib/gcc/arm-none-eabi/4.9.3/../../../arm-none-eabi/lib/armv7e-m/fpu/libm.a(lib_a-s_sin.o)
 .debug_info    0x000000000001decb      0x3e9 /usr/lib/gcc/arm-none-eabi/4.9.3/../../../arm-none-eabi/lib/armv7e-m/fpu/libm.a(lib_a-e_rem_pio2.o)
 .debug_info    0x000000000001e2b4      0x220 /usr/lib/gcc/arm-none-eabi/4.9.3/../../../arm-none-eabi/lib/armv7e-m/fpu/libm.a(lib_a-k_cos.o)
 .debug_info    0x000000000001e4d4      0x3b4 /usr/lib/gcc/arm-none-eabi/4.9.3/../../../arm-none-eabi/lib/armv7e-m/fpu/libm.a(lib_a-k_rem_pio2.o)
 .debug_info    0x000000000001e888      0x19c /usr/lib/gcc/arm-none-eabi/4.9.3/../../../arm-none-eabi/lib/armv7e-m/fpu/libm.a(lib_a-k_sin.o)
 .debug_info    0x000000000001ea24      0x13a /usr/lib/gcc/arm-none-eabi/4.9.3/../../../arm-none-eabi/lib/armv7e-m/fpu/libm.a(lib_a-s_fabs.o)
 .debug_info    0x000000000001eb5e      0x1a7 /usr/lib/gcc/arm-none-eabi/4.9.3/../../../arm-none-eabi/lib/armv7e-m/fpu/libm.a(lib_a-s_floor.o)
 .debug_info    0x000000000001ed05      0x254 /usr/lib/gcc/arm-none-eabi/4.9.3/../../../arm-none-eabi/lib/armv7e-m/fpu/libm.a(lib_a-s_scalbn.o)
 .debug_info    0x000000000001ef59      0x156 /usr/lib/gcc/arm-none-eabi/4.9.3/../../../arm-none-eabi/lib/armv7e-m/fpu/libm.a(lib_a-s_copysign.o)
 .debug_info    0x000000000001f0af       0x99 /usr/lib/gcc/arm-none-eabi/4.9.3/../../../arm-none-eabi/lib/armv7e-m/fpu/libnosys.a(sbrk.o)
 .debug_info    0x000000000001f148       0xc2 /usr/lib/gcc/arm-none-eabi/4.9.3/armv7e-m/fpu/libgcc.a(_arm_addsubdf3.o)
 .debug_info    0x000000000001f20a       0xc2 /usr/lib/gcc/arm-none-eabi/4.9.3/armv7e-m/fpu/libgcc.a(_arm_muldivdf3.o)
 .debug_info    0x000000000001f2cc       0xc2 /usr/lib/gcc/arm-none-eabi/4.9.3/armv7e-m/fpu/libgcc.a(_arm_cmpdf2.o)
 .debug_info    0x000000000001f38e       0xc2 /usr/lib/gcc/arm-none-eabi/4.9.3/armv7e-m/fpu/libgcc.a(_arm_fixdfsi.o)
 .debug_info    0x000000000001f450       0xc2 /usr/lib/gcc/arm-none-eabi/4.9.3/armv7e-m/fpu/libgcc.a(_arm_fixunsdfsi.o)
 .debug_info    0x000000000001f512       0xbd /usr/lib/gcc/arm-none-eabi/4.9.3/armv7e-m/fpu/libgcc.a(_aeabi_uldivmod.o)
 .debug_info    0x000000000001f5cf      0x164 /usr/lib/gcc/arm-none-eabi/4.9.3/armv7e-m/fpu/libgcc.a(bpabi.o)
 .debug_info    0x000000000001f733       0xc1 /usr/lib/gcc/arm-none-eabi/4.9.3/armv7e-m/fpu/libgcc.a(_dvmd_tls.o)
 .debug_info    0x000000000001f7f4      0x5bc /usr/lib/gcc/arm-none-eabi/4.9.3/armv7e-m/fpu/libgcc.a(_divdi3.o)
 .debug_info    0x000000000001fdb0      0x57c /usr/lib/gcc/arm-none-eabi/4.9.3/armv7e-m/fpu/libgcc.a(_udivdi3.o)

.debug_abbrev   0x0000000000000000     0x5452
 .debug_abbrev  0x0000000000000000      0x221 build/assert.o
 .debug_abbrev  0x0000000000000221      0x30c build/stm32f4xx_hal_tim.o
 .debug_abbrev  0x000000000000052d      0x2f4 build/stm32f4xx_hal_tim_ex.o
 .debug_abbrev  0x0000000000000821      0x373 build/stm32f4xx_hal_uart.o
 .debug_abbrev  0x0000000000000b94      0x32d build/stm32f4xx_hal_rcc.o
 .debug_abbrev  0x0000000000000ec1      0x2bc build/stm32f4xx_hal_gpio.o
 .debug_abbrev  0x000000000000117d      0x3da build/stm32f4xx_hal_cortex.o
 .debug_abbrev  0x0000000000001557      0x2df build/stm32f4xx_hal.o
 .debug_abbrev  0x0000000000001836      0x1e6 build/system_stm32f4xx.o
 .debug_abbrev  0x0000000000001a1c      0x29f build/main.o
 .debug_abbrev  0x0000000000001cbb      0x1c9 build/stm32f4xx_it.o
 .debug_abbrev  0x0000000000001e84      0x2b4 build/stm32f4xx_hal_msp.o
 .debug_abbrev  0x0000000000002138       0x12 build/startup_stm32f401xe.o
 .debug_abbrev  0x000000000000214a      0x136 /usr/lib/gcc/arm-none-eabi/4.9.3/../../../arm-none-eabi/lib/armv7e-m/fpu/libc_nano.a(lib_a-impure.o)
 .debug_abbrev  0x0000000000002280       0xba /usr/lib/gcc/arm-none-eabi/4.9.3/../../../arm-none-eabi/lib/armv7e-m/fpu/libc_nano.a(lib_a-init.o)
 .debug_abbrev  0x000000000000233a       0x8e /usr/lib/gcc/arm-none-eabi/4.9.3/../../../arm-none-eabi/lib/armv7e-m/fpu/libc_nano.a(lib_a-memset.o)
 .debug_abbrev  0x00000000000023c8      0x2a2 /usr/lib/gcc/arm-none-eabi/4.9.3/../../../arm-none-eabi/lib/armv7e-m/fpu/libc_nano.a(lib_a-nano-vfprintf_float.o)
 .debug_abbrev  0x000000000000266a      0x1fb /usr/lib/gcc/arm-none-eabi/4.9.3/../../../arm-none-eabi/lib/armv7e-m/fpu/libc_nano.a(lib_a-nano-vfprintf_i.o)
 .debug_abbrev  0x0000000000002865       0xc8 /usr/lib/gcc/arm-none-eabi/4.9.3/../../../arm-none-eabi/lib/armv7e-m/fpu/libc_nano.a(lib_a-s_fpclassify.o)
 .debug_abbrev  0x000000000000292d      0x1bd /usr/lib/gcc/arm-none-eabi/4.9.3/../../../arm-none-eabi/lib/armv7e-m/fpu/libc_nano.a(lib_a-sprintf.o)
 .debug_abbrev  0x0000000000002aea       0x8c /usr/lib/gcc/arm-none-eabi/4.9.3/../../../arm-none-eabi/lib/armv7e-m/fpu/libc_nano.a(lib_a-strlen.o)
 .debug_abbrev  0x0000000000002b76      0x28a /usr/lib/gcc/arm-none-eabi/4.9.3/../../../arm-none-eabi/lib/armv7e-m/fpu/libc_nano.a(lib_a-dtoa.o)
 .debug_abbrev  0x0000000000002e00      0x25a /usr/lib/gcc/arm-none-eabi/4.9.3/../../../arm-none-eabi/lib/armv7e-m/fpu/libc_nano.a(lib_a-locale.o)
 .debug_abbrev  0x000000000000305a      0x19f /usr/lib/gcc/arm-none-eabi/4.9.3/../../../arm-none-eabi/lib/armv7e-m/fpu/libc_nano.a(lib_a-malloc.o)
 .debug_abbrev  0x00000000000031f9       0xab /usr/lib/gcc/arm-none-eabi/4.9.3/../../../arm-none-eabi/lib/armv7e-m/fpu/libc_nano.a(lib_a-memchr.o)
 .debug_abbrev  0x00000000000032a4       0xa4 /usr/lib/gcc/arm-none-eabi/4.9.3/../../../arm-none-eabi/lib/armv7e-m/fpu/libc_nano.a(lib_a-memcpy.o)
 .debug_abbrev  0x0000000000003348      0x2c7 /usr/lib/gcc/arm-none-eabi/4.9.3/../../../arm-none-eabi/lib/armv7e-m/fpu/libc_nano.a(lib_a-mprec.o)
 .debug_abbrev  0x000000000000360f      0x19e /usr/lib/gcc/arm-none-eabi/4.9.3/../../../arm-none-eabi/lib/armv7e-m/fpu/libc_nano.a(lib_a-nano-callocr.o)
 .debug_abbrev  0x00000000000037ad      0x1b6 /usr/lib/gcc/arm-none-eabi/4.9.3/../../../arm-none-eabi/lib/armv7e-m/fpu/libc_nano.a(lib_a-nano-freer.o)
 .debug_abbrev  0x0000000000003963      0x250 /usr/lib/gcc/arm-none-eabi/4.9.3/../../../arm-none-eabi/lib/armv7e-m/fpu/libc_nano.a(lib_a-nano-mallocr.o)
 .debug_abbrev  0x0000000000003bb3      0x278 /usr/lib/gcc/arm-none-eabi/4.9.3/../../../arm-none-eabi/lib/armv7e-m/fpu/libc_nano.a(lib_a-nano-svfprintf.o)
 .debug_abbrev  0x0000000000003e2b      0x1a2 /usr/lib/gcc/arm-none-eabi/4.9.3/../../../arm-none-eabi/lib/armv7e-m/fpu/libc_nano.a(lib_a-sbrkr.o)
 .debug_abbrev  0x0000000000003fcd       0x9c /usr/lib/gcc/arm-none-eabi/4.9.3/../../../arm-none-eabi/lib/armv7e-m/fpu/libc_nano.a(lib_a-memmove.o)
 .debug_abbrev  0x0000000000004069      0x1cb /usr/lib/gcc/arm-none-eabi/4.9.3/../../../arm-none-eabi/lib/armv7e-m/fpu/libc_nano.a(lib_a-nano-reallocr.o)
 .debug_abbrev  0x0000000000004234      0x1f2 /usr/lib/gcc/arm-none-eabi/4.9.3/../../../arm-none-eabi/lib/armv7e-m/fpu/libc_nano.a(lib_a-reent.o)
 .debug_abbrev  0x0000000000004426      0x161 /usr/lib/gcc/arm-none-eabi/4.9.3/../../../arm-none-eabi/lib/armv7e-m/fpu/libc_nano.a(lib_a-nano-msizer.o)
 .debug_abbrev  0x0000000000004587       0xfd /usr/lib/gcc/arm-none-eabi/4.9.3/../../../arm-none-eabi/lib/armv7e-m/fpu/libm.a(lib_a-s_cos.o)
 .debug_abbrev  0x0000000000004684      0x108 /usr/lib/gcc/arm-none-eabi/4.9.3/../../../arm-none-eabi/lib/armv7e-m/fpu/libm.a(lib_a-s_sin.o)
 .debug_abbrev  0x000000000000478c      0x186 /usr/lib/gcc/arm-none-eabi/4.9.3/../../../arm-none-eabi/lib/armv7e-m/fpu/libm.a(lib_a-e_rem_pio2.o)
 .debug_abbrev  0x0000000000004912       0xe2 /usr/lib/gcc/arm-none-eabi/4.9.3/../../../arm-none-eabi/lib/armv7e-m/fpu/libm.a(lib_a-k_cos.o)
 .debug_abbrev  0x00000000000049f4      0x156 /usr/lib/gcc/arm-none-eabi/4.9.3/../../../arm-none-eabi/lib/armv7e-m/fpu/libm.a(lib_a-k_rem_pio2.o)
 .debug_abbrev  0x0000000000004b4a       0x96 /usr/lib/gcc/arm-none-eabi/4.9.3/../../../arm-none-eabi/lib/armv7e-m/fpu/libm.a(lib_a-k_sin.o)
 .debug_abbrev  0x0000000000004be0       0xca /usr/lib/gcc/arm-none-eabi/4.9.3/../../../arm-none-eabi/lib/armv7e-m/fpu/libm.a(lib_a-s_fabs.o)
 .debug_abbrev  0x0000000000004caa      0x107 /usr/lib/gcc/arm-none-eabi/4.9.3/../../../arm-none-eabi/lib/armv7e-m/fpu/libm.a(lib_a-s_floor.o)
 .debug_abbrev  0x0000000000004db1      0x138 /usr/lib/gcc/arm-none-eabi/4.9.3/../../../arm-none-eabi/lib/armv7e-m/fpu/libm.a(lib_a-s_scalbn.o)
 .debug_abbrev  0x0000000000004ee9       0xe6 /usr/lib/gcc/arm-none-eabi/4.9.3/../../../arm-none-eabi/lib/armv7e-m/fpu/libm.a(lib_a-s_copysign.o)
 .debug_abbrev  0x0000000000004fcf       0x83 /usr/lib/gcc/arm-none-eabi/4.9.3/../../../arm-none-eabi/lib/armv7e-m/fpu/libnosys.a(sbrk.o)
 .debug_abbrev  0x0000000000005052       0x14 /usr/lib/gcc/arm-none-eabi/4.9.3/armv7e-m/fpu/libgcc.a(_arm_addsubdf3.o)
 .debug_abbrev  0x0000000000005066       0x14 /usr/lib/gcc/arm-none-eabi/4.9.3/armv7e-m/fpu/libgcc.a(_arm_muldivdf3.o)
 .debug_abbrev  0x000000000000507a       0x14 /usr/lib/gcc/arm-none-eabi/4.9.3/armv7e-m/fpu/libgcc.a(_arm_cmpdf2.o)
 .debug_abbrev  0x000000000000508e       0x14 /usr/lib/gcc/arm-none-eabi/4.9.3/armv7e-m/fpu/libgcc.a(_arm_fixdfsi.o)
 .debug_abbrev  0x00000000000050a2       0x14 /usr/lib/gcc/arm-none-eabi/4.9.3/armv7e-m/fpu/libgcc.a(_arm_fixunsdfsi.o)
 .debug_abbrev  0x00000000000050b6       0x14 /usr/lib/gcc/arm-none-eabi/4.9.3/armv7e-m/fpu/libgcc.a(_aeabi_uldivmod.o)
 .debug_abbrev  0x00000000000050ca       0xb7 /usr/lib/gcc/arm-none-eabi/4.9.3/armv7e-m/fpu/libgcc.a(bpabi.o)
 .debug_abbrev  0x0000000000005181       0x14 /usr/lib/gcc/arm-none-eabi/4.9.3/armv7e-m/fpu/libgcc.a(_dvmd_tls.o)
 .debug_abbrev  0x0000000000005195      0x169 /usr/lib/gcc/arm-none-eabi/4.9.3/armv7e-m/fpu/libgcc.a(_divdi3.o)
 .debug_abbrev  0x00000000000052fe      0x154 /usr/lib/gcc/arm-none-eabi/4.9.3/armv7e-m/fpu/libgcc.a(_udivdi3.o)

.debug_loc      0x0000000000000000    0x11751
 .debug_loc     0x0000000000000000      0x7a9 build/assert.o
 .debug_loc     0x00000000000007a9     0x3f30 build/stm32f4xx_hal_tim.o
 .debug_loc     0x00000000000046d9     0x1298 build/stm32f4xx_hal_tim_ex.o
 .debug_loc     0x0000000000005971     0x19e6 build/stm32f4xx_hal_uart.o
 .debug_loc     0x0000000000007357      0x53e build/stm32f4xx_hal_rcc.o
 .debug_loc     0x0000000000007895      0x4ec build/stm32f4xx_hal_gpio.o
 .debug_loc     0x0000000000007d81      0x65e build/stm32f4xx_hal_cortex.o
 .debug_loc     0x00000000000083df      0x1a8 build/stm32f4xx_hal.o
 .debug_loc     0x0000000000008587      0x13e build/system_stm32f4xx.o
 .debug_loc     0x00000000000086c5      0x32d build/main.o
 .debug_loc     0x00000000000089f2       0x20 build/stm32f4xx_it.o
 .debug_loc     0x0000000000008a12      0x302 build/stm32f4xx_hal_msp.o
 .debug_loc     0x0000000000008d14       0x54 /usr/lib/gcc/arm-none-eabi/4.9.3/../../../arm-none-eabi/lib/armv7e-m/fpu/libc_nano.a(lib_a-init.o)
 .debug_loc     0x0000000000008d68       0x57 /usr/lib/gcc/arm-none-eabi/4.9.3/../../../arm-none-eabi/lib/armv7e-m/fpu/libc_nano.a(lib_a-memset.o)
 .debug_loc     0x0000000000008dbf      0x65f /usr/lib/gcc/arm-none-eabi/4.9.3/../../../arm-none-eabi/lib/armv7e-m/fpu/libc_nano.a(lib_a-nano-vfprintf_float.o)
 .debug_loc     0x000000000000941e      0x47b /usr/lib/gcc/arm-none-eabi/4.9.3/../../../arm-none-eabi/lib/armv7e-m/fpu/libc_nano.a(lib_a-nano-vfprintf_i.o)
 .debug_loc     0x0000000000009899       0x38 /usr/lib/gcc/arm-none-eabi/4.9.3/../../../arm-none-eabi/lib/armv7e-m/fpu/libc_nano.a(lib_a-s_fpclassify.o)
 .debug_loc     0x00000000000098d1       0x95 /usr/lib/gcc/arm-none-eabi/4.9.3/../../../arm-none-eabi/lib/armv7e-m/fpu/libc_nano.a(lib_a-sprintf.o)
 .debug_loc     0x0000000000009966       0x21 /usr/lib/gcc/arm-none-eabi/4.9.3/../../../arm-none-eabi/lib/armv7e-m/fpu/libc_nano.a(lib_a-strlen.o)
 .debug_loc     0x0000000000009987     0x1ba9 /usr/lib/gcc/arm-none-eabi/4.9.3/../../../arm-none-eabi/lib/armv7e-m/fpu/libc_nano.a(lib_a-dtoa.o)
 .debug_loc     0x000000000000b530      0x150 /usr/lib/gcc/arm-none-eabi/4.9.3/../../../arm-none-eabi/lib/armv7e-m/fpu/libc_nano.a(lib_a-locale.o)
 .debug_loc     0x000000000000b680       0x58 /usr/lib/gcc/arm-none-eabi/4.9.3/../../../arm-none-eabi/lib/armv7e-m/fpu/libc_nano.a(lib_a-malloc.o)
 .debug_loc     0x000000000000b6d8       0xaa /usr/lib/gcc/arm-none-eabi/4.9.3/../../../arm-none-eabi/lib/armv7e-m/fpu/libc_nano.a(lib_a-memchr.o)
 .debug_loc     0x000000000000b782       0x87 /usr/lib/gcc/arm-none-eabi/4.9.3/../../../arm-none-eabi/lib/armv7e-m/fpu/libc_nano.a(lib_a-memcpy.o)
 .debug_loc     0x000000000000b809     0x18b9 /usr/lib/gcc/arm-none-eabi/4.9.3/../../../arm-none-eabi/lib/armv7e-m/fpu/libc_nano.a(lib_a-mprec.o)
 .debug_loc     0x000000000000d0c2       0x81 /usr/lib/gcc/arm-none-eabi/4.9.3/../../../arm-none-eabi/lib/armv7e-m/fpu/libc_nano.a(lib_a-nano-callocr.o)
 .debug_loc     0x000000000000d143      0x172 /usr/lib/gcc/arm-none-eabi/4.9.3/../../../arm-none-eabi/lib/armv7e-m/fpu/libc_nano.a(lib_a-nano-freer.o)
 .debug_loc     0x000000000000d2b5      0x304 /usr/lib/gcc/arm-none-eabi/4.9.3/../../../arm-none-eabi/lib/armv7e-m/fpu/libc_nano.a(lib_a-nano-mallocr.o)
 .debug_loc     0x000000000000d5b9      0x53f /usr/lib/gcc/arm-none-eabi/4.9.3/../../../arm-none-eabi/lib/armv7e-m/fpu/libc_nano.a(lib_a-nano-svfprintf.o)
 .debug_loc     0x000000000000daf8       0x4d /usr/lib/gcc/arm-none-eabi/4.9.3/../../../arm-none-eabi/lib/armv7e-m/fpu/libc_nano.a(lib_a-sbrkr.o)
 .debug_loc     0x000000000000db45       0xde /usr/lib/gcc/arm-none-eabi/4.9.3/../../../arm-none-eabi/lib/armv7e-m/fpu/libc_nano.a(lib_a-memmove.o)
 .debug_loc     0x000000000000dc23      0x11b /usr/lib/gcc/arm-none-eabi/4.9.3/../../../arm-none-eabi/lib/armv7e-m/fpu/libc_nano.a(lib_a-nano-reallocr.o)
 .debug_loc     0x000000000000dd3e       0xfa /usr/lib/gcc/arm-none-eabi/4.9.3/../../../arm-none-eabi/lib/armv7e-m/fpu/libc_nano.a(lib_a-reent.o)
 .debug_loc     0x000000000000de38       0xb5 /usr/lib/gcc/arm-none-eabi/4.9.3/../../../arm-none-eabi/lib/armv7e-m/fpu/libc_nano.a(lib_a-nano-msizer.o)
 .debug_loc     0x000000000000deed       0xd6 /usr/lib/gcc/arm-none-eabi/4.9.3/../../../arm-none-eabi/lib/armv7e-m/fpu/libm.a(lib_a-s_cos.o)
 .debug_loc     0x000000000000dfc3       0xe8 /usr/lib/gcc/arm-none-eabi/4.9.3/../../../arm-none-eabi/lib/armv7e-m/fpu/libm.a(lib_a-s_sin.o)
 .debug_loc     0x000000000000e0ab      0x660 /usr/lib/gcc/arm-none-eabi/4.9.3/../../../arm-none-eabi/lib/armv7e-m/fpu/libm.a(lib_a-e_rem_pio2.o)
 .debug_loc     0x000000000000e70b      0x24a /usr/lib/gcc/arm-none-eabi/4.9.3/../../../arm-none-eabi/lib/armv7e-m/fpu/libm.a(lib_a-k_cos.o)
 .debug_loc     0x000000000000e955      0xb43 /usr/lib/gcc/arm-none-eabi/4.9.3/../../../arm-none-eabi/lib/armv7e-m/fpu/libm.a(lib_a-k_rem_pio2.o)
 .debug_loc     0x000000000000f498      0x1d2 /usr/lib/gcc/arm-none-eabi/4.9.3/../../../arm-none-eabi/lib/armv7e-m/fpu/libm.a(lib_a-k_sin.o)
 .debug_loc     0x000000000000f66a       0x3d /usr/lib/gcc/arm-none-eabi/4.9.3/../../../arm-none-eabi/lib/armv7e-m/fpu/libm.a(lib_a-s_fabs.o)
 .debug_loc     0x000000000000f6a7      0x25e /usr/lib/gcc/arm-none-eabi/4.9.3/../../../arm-none-eabi/lib/armv7e-m/fpu/libm.a(lib_a-s_floor.o)
 .debug_loc     0x000000000000f905      0x20f /usr/lib/gcc/arm-none-eabi/4.9.3/../../../arm-none-eabi/lib/armv7e-m/fpu/libm.a(lib_a-s_scalbn.o)
 .debug_loc     0x000000000000fb14       0x3d /usr/lib/gcc/arm-none-eabi/4.9.3/../../../arm-none-eabi/lib/armv7e-m/fpu/libm.a(lib_a-s_copysign.o)
 .debug_loc     0x000000000000fb51       0x21 /usr/lib/gcc/arm-none-eabi/4.9.3/../../../arm-none-eabi/lib/armv7e-m/fpu/libnosys.a(sbrk.o)
 .debug_loc     0x000000000000fb72       0xa0 /usr/lib/gcc/arm-none-eabi/4.9.3/armv7e-m/fpu/libgcc.a(bpabi.o)
 .debug_loc     0x000000000000fc12      0xdef /usr/lib/gcc/arm-none-eabi/4.9.3/armv7e-m/fpu/libgcc.a(_divdi3.o)
 .debug_loc     0x0000000000010a01      0xd50 /usr/lib/gcc/arm-none-eabi/4.9.3/armv7e-m/fpu/libgcc.a(_udivdi3.o)

.debug_aranges  0x0000000000000000     0x1128
 .debug_aranges
                0x0000000000000000       0x40 build/assert.o
 .debug_aranges
                0x0000000000000040      0x368 build/stm32f4xx_hal_tim.o
 .debug_aranges
                0x00000000000003a8      0x140 build/stm32f4xx_hal_tim_ex.o
 .debug_aranges
                0x00000000000004e8      0x1d0 build/stm32f4xx_hal_uart.o
 .debug_aranges
                0x00000000000006b8       0x88 build/stm32f4xx_hal_rcc.o
 .debug_aranges
                0x0000000000000740       0x58 build/stm32f4xx_hal_gpio.o
 .debug_aranges
                0x0000000000000798       0xa8 build/stm32f4xx_hal_cortex.o
 .debug_aranges
                0x0000000000000840       0xe0 build/stm32f4xx_hal.o
 .debug_aranges
                0x0000000000000920       0x28 build/system_stm32f4xx.o
 .debug_aranges
                0x0000000000000948       0x78 build/main.o
 .debug_aranges
                0x00000000000009c0       0x60 build/stm32f4xx_it.o
 .debug_aranges
                0x0000000000000a20       0x58 build/stm32f4xx_hal_msp.o
 .debug_aranges
                0x0000000000000a78       0x28 build/startup_stm32f401xe.o
 .debug_aranges
                0x0000000000000aa0       0x18 /usr/lib/gcc/arm-none-eabi/4.9.3/../../../arm-none-eabi/lib/armv7e-m/fpu/libc_nano.a(lib_a-impure.o)
 .debug_aranges
                0x0000000000000ab8       0x20 /usr/lib/gcc/arm-none-eabi/4.9.3/../../../arm-none-eabi/lib/armv7e-m/fpu/libc_nano.a(lib_a-init.o)
 .debug_aranges
                0x0000000000000ad8       0x20 /usr/lib/gcc/arm-none-eabi/4.9.3/../../../arm-none-eabi/lib/armv7e-m/fpu/libc_nano.a(lib_a-memset.o)
 .debug_aranges
                0x0000000000000af8       0x30 /usr/lib/gcc/arm-none-eabi/4.9.3/../../../arm-none-eabi/lib/armv7e-m/fpu/libc_nano.a(lib_a-nano-vfprintf_float.o)
 .debug_aranges
                0x0000000000000b28       0x28 /usr/lib/gcc/arm-none-eabi/4.9.3/../../../arm-none-eabi/lib/armv7e-m/fpu/libc_nano.a(lib_a-nano-vfprintf_i.o)
 .debug_aranges
                0x0000000000000b50       0x20 /usr/lib/gcc/arm-none-eabi/4.9.3/../../../arm-none-eabi/lib/armv7e-m/fpu/libc_nano.a(lib_a-s_fpclassify.o)
 .debug_aranges
                0x0000000000000b70       0x28 /usr/lib/gcc/arm-none-eabi/4.9.3/../../../arm-none-eabi/lib/armv7e-m/fpu/libc_nano.a(lib_a-sprintf.o)
 .debug_aranges
                0x0000000000000b98       0x20 /usr/lib/gcc/arm-none-eabi/4.9.3/../../../arm-none-eabi/lib/armv7e-m/fpu/libc_nano.a(lib_a-strlen.o)
 .debug_aranges
                0x0000000000000bb8       0x28 /usr/lib/gcc/arm-none-eabi/4.9.3/../../../arm-none-eabi/lib/armv7e-m/fpu/libc_nano.a(lib_a-dtoa.o)
 .debug_aranges
                0x0000000000000be0       0x58 /usr/lib/gcc/arm-none-eabi/4.9.3/../../../arm-none-eabi/lib/armv7e-m/fpu/libc_nano.a(lib_a-locale.o)
 .debug_aranges
                0x0000000000000c38       0x28 /usr/lib/gcc/arm-none-eabi/4.9.3/../../../arm-none-eabi/lib/armv7e-m/fpu/libc_nano.a(lib_a-malloc.o)
 .debug_aranges
                0x0000000000000c60       0x20 /usr/lib/gcc/arm-none-eabi/4.9.3/../../../arm-none-eabi/lib/armv7e-m/fpu/libc_nano.a(lib_a-memchr.o)
 .debug_aranges
                0x0000000000000c80       0x20 /usr/lib/gcc/arm-none-eabi/4.9.3/../../../arm-none-eabi/lib/armv7e-m/fpu/libc_nano.a(lib_a-memcpy.o)
 .debug_aranges
                0x0000000000000ca0       0xb0 /usr/lib/gcc/arm-none-eabi/4.9.3/../../../arm-none-eabi/lib/armv7e-m/fpu/libc_nano.a(lib_a-mprec.o)
 .debug_aranges
                0x0000000000000d50       0x20 /usr/lib/gcc/arm-none-eabi/4.9.3/../../../arm-none-eabi/lib/armv7e-m/fpu/libc_nano.a(lib_a-nano-callocr.o)
 .debug_aranges
                0x0000000000000d70       0x20 /usr/lib/gcc/arm-none-eabi/4.9.3/../../../arm-none-eabi/lib/armv7e-m/fpu/libc_nano.a(lib_a-nano-freer.o)
 .debug_aranges
                0x0000000000000d90       0x20 /usr/lib/gcc/arm-none-eabi/4.9.3/../../../arm-none-eabi/lib/armv7e-m/fpu/libc_nano.a(lib_a-nano-mallocr.o)
 .debug_aranges
                0x0000000000000db0       0x30 /usr/lib/gcc/arm-none-eabi/4.9.3/../../../arm-none-eabi/lib/armv7e-m/fpu/libc_nano.a(lib_a-nano-svfprintf.o)
 .debug_aranges
                0x0000000000000de0       0x20 /usr/lib/gcc/arm-none-eabi/4.9.3/../../../arm-none-eabi/lib/armv7e-m/fpu/libc_nano.a(lib_a-sbrkr.o)
 .debug_aranges
                0x0000000000000e00       0x20 /usr/lib/gcc/arm-none-eabi/4.9.3/../../../arm-none-eabi/lib/armv7e-m/fpu/libc_nano.a(lib_a-memmove.o)
 .debug_aranges
                0x0000000000000e20       0x20 /usr/lib/gcc/arm-none-eabi/4.9.3/../../../arm-none-eabi/lib/armv7e-m/fpu/libc_nano.a(lib_a-nano-reallocr.o)
 .debug_aranges
                0x0000000000000e40       0x28 /usr/lib/gcc/arm-none-eabi/4.9.3/../../../arm-none-eabi/lib/armv7e-m/fpu/libc_nano.a(lib_a-reent.o)
 .debug_aranges
                0x0000000000000e68       0x20 /usr/lib/gcc/arm-none-eabi/4.9.3/../../../arm-none-eabi/lib/armv7e-m/fpu/libc_nano.a(lib_a-nano-msizer.o)
 .debug_aranges
                0x0000000000000e88       0x20 /usr/lib/gcc/arm-none-eabi/4.9.3/../../../arm-none-eabi/lib/armv7e-m/fpu/libm.a(lib_a-s_cos.o)
 .debug_aranges
                0x0000000000000ea8       0x20 /usr/lib/gcc/arm-none-eabi/4.9.3/../../../arm-none-eabi/lib/armv7e-m/fpu/libm.a(lib_a-s_sin.o)
 .debug_aranges
                0x0000000000000ec8       0x20 /usr/lib/gcc/arm-none-eabi/4.9.3/../../../arm-none-eabi/lib/armv7e-m/fpu/libm.a(lib_a-e_rem_pio2.o)
 .debug_aranges
                0x0000000000000ee8       0x20 /usr/lib/gcc/arm-none-eabi/4.9.3/../../../arm-none-eabi/lib/armv7e-m/fpu/libm.a(lib_a-k_cos.o)
 .debug_aranges
                0x0000000000000f08       0x20 /usr/lib/gcc/arm-none-eabi/4.9.3/../../../arm-none-eabi/lib/armv7e-m/fpu/libm.a(lib_a-k_rem_pio2.o)
 .debug_aranges
                0x0000000000000f28       0x20 /usr/lib/gcc/arm-none-eabi/4.9.3/../../../arm-none-eabi/lib/armv7e-m/fpu/libm.a(lib_a-k_sin.o)
 .debug_aranges
                0x0000000000000f48       0x20 /usr/lib/gcc/arm-none-eabi/4.9.3/../../../arm-none-eabi/lib/armv7e-m/fpu/libm.a(lib_a-s_fabs.o)
 .debug_aranges
                0x0000000000000f68       0x20 /usr/lib/gcc/arm-none-eabi/4.9.3/../../../arm-none-eabi/lib/armv7e-m/fpu/libm.a(lib_a-s_floor.o)
 .debug_aranges
                0x0000000000000f88       0x20 /usr/lib/gcc/arm-none-eabi/4.9.3/../../../arm-none-eabi/lib/armv7e-m/fpu/libm.a(lib_a-s_scalbn.o)
 .debug_aranges
                0x0000000000000fa8       0x20 /usr/lib/gcc/arm-none-eabi/4.9.3/../../../arm-none-eabi/lib/armv7e-m/fpu/libm.a(lib_a-s_copysign.o)
 .debug_aranges
                0x0000000000000fc8       0x20 /usr/lib/gcc/arm-none-eabi/4.9.3/../../../arm-none-eabi/lib/armv7e-m/fpu/libnosys.a(sbrk.o)
 .debug_aranges
                0x0000000000000fe8       0x20 /usr/lib/gcc/arm-none-eabi/4.9.3/armv7e-m/fpu/libgcc.a(_arm_addsubdf3.o)
 .debug_aranges
                0x0000000000001008       0x20 /usr/lib/gcc/arm-none-eabi/4.9.3/armv7e-m/fpu/libgcc.a(_arm_muldivdf3.o)
 .debug_aranges
                0x0000000000001028       0x20 /usr/lib/gcc/arm-none-eabi/4.9.3/armv7e-m/fpu/libgcc.a(_arm_cmpdf2.o)
 .debug_aranges
                0x0000000000001048       0x20 /usr/lib/gcc/arm-none-eabi/4.9.3/armv7e-m/fpu/libgcc.a(_arm_fixdfsi.o)
 .debug_aranges
                0x0000000000001068       0x20 /usr/lib/gcc/arm-none-eabi/4.9.3/armv7e-m/fpu/libgcc.a(_arm_fixunsdfsi.o)
 .debug_aranges
                0x0000000000001088       0x20 /usr/lib/gcc/arm-none-eabi/4.9.3/armv7e-m/fpu/libgcc.a(_aeabi_uldivmod.o)
 .debug_aranges
                0x00000000000010a8       0x20 /usr/lib/gcc/arm-none-eabi/4.9.3/armv7e-m/fpu/libgcc.a(bpabi.o)
 .debug_aranges
                0x00000000000010c8       0x20 /usr/lib/gcc/arm-none-eabi/4.9.3/armv7e-m/fpu/libgcc.a(_dvmd_tls.o)
 .debug_aranges
                0x00000000000010e8       0x20 /usr/lib/gcc/arm-none-eabi/4.9.3/armv7e-m/fpu/libgcc.a(_divdi3.o)
 .debug_aranges
                0x0000000000001108       0x20 /usr/lib/gcc/arm-none-eabi/4.9.3/armv7e-m/fpu/libgcc.a(_udivdi3.o)

.debug_ranges   0x0000000000000000     0x10b0
 .debug_ranges  0x0000000000000000       0x30 build/assert.o
 .debug_ranges  0x0000000000000030      0x358 build/stm32f4xx_hal_tim.o
 .debug_ranges  0x0000000000000388      0x130 build/stm32f4xx_hal_tim_ex.o
 .debug_ranges  0x00000000000004b8      0x1c0 build/stm32f4xx_hal_uart.o
 .debug_ranges  0x0000000000000678       0x90 build/stm32f4xx_hal_rcc.o
 .debug_ranges  0x0000000000000708       0x48 build/stm32f4xx_hal_gpio.o
 .debug_ranges  0x0000000000000750       0xf8 build/stm32f4xx_hal_cortex.o
 .debug_ranges  0x0000000000000848       0xd0 build/stm32f4xx_hal.o
 .debug_ranges  0x0000000000000918       0x18 build/system_stm32f4xx.o
 .debug_ranges  0x0000000000000930       0x68 build/main.o
 .debug_ranges  0x0000000000000998       0x50 build/stm32f4xx_it.o
 .debug_ranges  0x00000000000009e8       0x48 build/stm32f4xx_hal_msp.o
 .debug_ranges  0x0000000000000a30       0x20 build/startup_stm32f401xe.o
 .debug_ranges  0x0000000000000a50       0x10 /usr/lib/gcc/arm-none-eabi/4.9.3/../../../arm-none-eabi/lib/armv7e-m/fpu/libc_nano.a(lib_a-init.o)
 .debug_ranges  0x0000000000000a60       0x10 /usr/lib/gcc/arm-none-eabi/4.9.3/../../../arm-none-eabi/lib/armv7e-m/fpu/libc_nano.a(lib_a-memset.o)
 .debug_ranges  0x0000000000000a70       0x78 /usr/lib/gcc/arm-none-eabi/4.9.3/../../../arm-none-eabi/lib/armv7e-m/fpu/libc_nano.a(lib_a-nano-vfprintf_float.o)
 .debug_ranges  0x0000000000000ae8       0x60 /usr/lib/gcc/arm-none-eabi/4.9.3/../../../arm-none-eabi/lib/armv7e-m/fpu/libc_nano.a(lib_a-nano-vfprintf_i.o)
 .debug_ranges  0x0000000000000b48       0x10 /usr/lib/gcc/arm-none-eabi/4.9.3/../../../arm-none-eabi/lib/armv7e-m/fpu/libc_nano.a(lib_a-s_fpclassify.o)
 .debug_ranges  0x0000000000000b58       0x18 /usr/lib/gcc/arm-none-eabi/4.9.3/../../../arm-none-eabi/lib/armv7e-m/fpu/libc_nano.a(lib_a-sprintf.o)
 .debug_ranges  0x0000000000000b70       0x10 /usr/lib/gcc/arm-none-eabi/4.9.3/../../../arm-none-eabi/lib/armv7e-m/fpu/libc_nano.a(lib_a-strlen.o)
 .debug_ranges  0x0000000000000b80       0x30 /usr/lib/gcc/arm-none-eabi/4.9.3/../../../arm-none-eabi/lib/armv7e-m/fpu/libc_nano.a(lib_a-dtoa.o)
 .debug_ranges  0x0000000000000bb0       0x48 /usr/lib/gcc/arm-none-eabi/4.9.3/../../../arm-none-eabi/lib/armv7e-m/fpu/libc_nano.a(lib_a-locale.o)
 .debug_ranges  0x0000000000000bf8       0x18 /usr/lib/gcc/arm-none-eabi/4.9.3/../../../arm-none-eabi/lib/armv7e-m/fpu/libc_nano.a(lib_a-malloc.o)
 .debug_ranges  0x0000000000000c10       0x10 /usr/lib/gcc/arm-none-eabi/4.9.3/../../../arm-none-eabi/lib/armv7e-m/fpu/libc_nano.a(lib_a-memchr.o)
 .debug_ranges  0x0000000000000c20       0x10 /usr/lib/gcc/arm-none-eabi/4.9.3/../../../arm-none-eabi/lib/armv7e-m/fpu/libc_nano.a(lib_a-memcpy.o)
 .debug_ranges  0x0000000000000c30       0xd0 /usr/lib/gcc/arm-none-eabi/4.9.3/../../../arm-none-eabi/lib/armv7e-m/fpu/libc_nano.a(lib_a-mprec.o)
 .debug_ranges  0x0000000000000d00       0x10 /usr/lib/gcc/arm-none-eabi/4.9.3/../../../arm-none-eabi/lib/armv7e-m/fpu/libc_nano.a(lib_a-nano-callocr.o)
 .debug_ranges  0x0000000000000d10       0x28 /usr/lib/gcc/arm-none-eabi/4.9.3/../../../arm-none-eabi/lib/armv7e-m/fpu/libc_nano.a(lib_a-nano-freer.o)
 .debug_ranges  0x0000000000000d38       0x28 /usr/lib/gcc/arm-none-eabi/4.9.3/../../../arm-none-eabi/lib/armv7e-m/fpu/libc_nano.a(lib_a-nano-mallocr.o)
 .debug_ranges  0x0000000000000d60       0x50 /usr/lib/gcc/arm-none-eabi/4.9.3/../../../arm-none-eabi/lib/armv7e-m/fpu/libc_nano.a(lib_a-nano-svfprintf.o)
 .debug_ranges  0x0000000000000db0       0x10 /usr/lib/gcc/arm-none-eabi/4.9.3/../../../arm-none-eabi/lib/armv7e-m/fpu/libc_nano.a(lib_a-sbrkr.o)
 .debug_ranges  0x0000000000000dc0       0x10 /usr/lib/gcc/arm-none-eabi/4.9.3/../../../arm-none-eabi/lib/armv7e-m/fpu/libc_nano.a(lib_a-memmove.o)
 .debug_ranges  0x0000000000000dd0       0x10 /usr/lib/gcc/arm-none-eabi/4.9.3/../../../arm-none-eabi/lib/armv7e-m/fpu/libc_nano.a(lib_a-nano-reallocr.o)
 .debug_ranges  0x0000000000000de0       0x18 /usr/lib/gcc/arm-none-eabi/4.9.3/../../../arm-none-eabi/lib/armv7e-m/fpu/libc_nano.a(lib_a-reent.o)
 .debug_ranges  0x0000000000000df8       0x10 /usr/lib/gcc/arm-none-eabi/4.9.3/../../../arm-none-eabi/lib/armv7e-m/fpu/libc_nano.a(lib_a-nano-msizer.o)
 .debug_ranges  0x0000000000000e08       0x10 /usr/lib/gcc/arm-none-eabi/4.9.3/../../../arm-none-eabi/lib/armv7e-m/fpu/libm.a(lib_a-s_cos.o)
 .debug_ranges  0x0000000000000e18       0x10 /usr/lib/gcc/arm-none-eabi/4.9.3/../../../arm-none-eabi/lib/armv7e-m/fpu/libm.a(lib_a-s_sin.o)
 .debug_ranges  0x0000000000000e28       0x30 /usr/lib/gcc/arm-none-eabi/4.9.3/../../../arm-none-eabi/lib/armv7e-m/fpu/libm.a(lib_a-e_rem_pio2.o)
 .debug_ranges  0x0000000000000e58       0x10 /usr/lib/gcc/arm-none-eabi/4.9.3/../../../arm-none-eabi/lib/armv7e-m/fpu/libm.a(lib_a-k_cos.o)
 .debug_ranges  0x0000000000000e68       0x10 /usr/lib/gcc/arm-none-eabi/4.9.3/../../../arm-none-eabi/lib/armv7e-m/fpu/libm.a(lib_a-k_rem_pio2.o)
 .debug_ranges  0x0000000000000e78       0x10 /usr/lib/gcc/arm-none-eabi/4.9.3/../../../arm-none-eabi/lib/armv7e-m/fpu/libm.a(lib_a-k_sin.o)
 .debug_ranges  0x0000000000000e88       0x10 /usr/lib/gcc/arm-none-eabi/4.9.3/../../../arm-none-eabi/lib/armv7e-m/fpu/libm.a(lib_a-s_fabs.o)
 .debug_ranges  0x0000000000000e98       0x28 /usr/lib/gcc/arm-none-eabi/4.9.3/../../../arm-none-eabi/lib/armv7e-m/fpu/libm.a(lib_a-s_floor.o)
 .debug_ranges  0x0000000000000ec0       0x28 /usr/lib/gcc/arm-none-eabi/4.9.3/../../../arm-none-eabi/lib/armv7e-m/fpu/libm.a(lib_a-s_scalbn.o)
 .debug_ranges  0x0000000000000ee8       0x10 /usr/lib/gcc/arm-none-eabi/4.9.3/../../../arm-none-eabi/lib/armv7e-m/fpu/libm.a(lib_a-s_copysign.o)
 .debug_ranges  0x0000000000000ef8       0x10 /usr/lib/gcc/arm-none-eabi/4.9.3/../../../arm-none-eabi/lib/armv7e-m/fpu/libnosys.a(sbrk.o)